w: 1 ,num: 2*************
1
1 

w: 2 ,num: 4*************
1
1 0 
0 1 

2
0 1 
1 1 

3
1 1 
1 0 

w: 3 ,num: 8*************
1
1 0 0 
0 1 0 
0 0 1 

2
0 1 0 
0 0 1 
1 1 0 

3
1 1 0 
0 1 1 
1 1 1 

4
0 0 1 
1 1 0 
0 1 1 

5
1 0 1 
1 0 0 
0 1 0 

6
0 1 1 
1 1 1 
1 0 1 

7
1 1 1 
1 0 1 
1 0 0 

w: 4 ,num: 16*************
1
1 0 0 0 
0 1 0 0 
0 0 1 0 
0 0 0 1 

2
0 1 0 0 
0 0 1 0 
0 0 0 1 
1 1 0 0 

3
1 1 0 0 
0 1 1 0 
0 0 1 1 
1 1 0 1 

4
0 0 1 0 
0 0 0 1 
1 1 0 0 
0 1 1 0 

5
1 0 1 0 
0 1 0 1 
1 1 1 0 
0 1 1 1 

6
0 1 1 0 
0 0 1 1 
1 1 0 1 
1 0 1 0 

7
1 1 1 0 
0 1 1 1 
1 1 1 1 
1 0 1 1 

8
0 0 0 1 
1 1 0 0 
0 1 1 0 
0 0 1 1 

9
1 0 0 1 
1 0 0 0 
0 1 0 0 
0 0 1 0 

10
0 1 0 1 
1 1 1 0 
0 1 1 1 
1 1 1 1 

11
1 1 0 1 
1 0 1 0 
0 1 0 1 
1 1 1 0 

12
0 0 1 1 
1 1 0 1 
1 0 1 0 
0 1 0 1 

13
1 0 1 1 
1 0 0 1 
1 0 0 0 
0 1 0 0 

14
0 1 1 1 
1 1 1 1 
1 0 1 1 
1 0 0 1 

15
1 1 1 1 
1 0 1 1 
1 0 0 1 
1 0 0 0 

w: 5 ,num: 32*************
1
1 0 0 0 0 
0 1 0 0 0 
0 0 1 0 0 
0 0 0 1 0 
0 0 0 0 1 

2
0 1 0 0 0 
0 0 1 0 0 
0 0 0 1 0 
0 0 0 0 1 
1 0 1 0 0 

3
1 1 0 0 0 
0 1 1 0 0 
0 0 1 1 0 
0 0 0 1 1 
1 0 1 0 1 

4
0 0 1 0 0 
0 0 0 1 0 
0 0 0 0 1 
1 0 1 0 0 
0 1 0 1 0 

5
1 0 1 0 0 
0 1 0 1 0 
0 0 1 0 1 
1 0 1 1 0 
0 1 0 1 1 

6
0 1 1 0 0 
0 0 1 1 0 
0 0 0 1 1 
1 0 1 0 1 
1 1 1 1 0 

7
1 1 1 0 0 
0 1 1 1 0 
0 0 1 1 1 
1 0 1 1 1 
1 1 1 1 1 

8
0 0 0 1 0 
0 0 0 0 1 
1 0 1 0 0 
0 1 0 1 0 
0 0 1 0 1 

9
1 0 0 1 0 
0 1 0 0 1 
1 0 0 0 0 
0 1 0 0 0 
0 0 1 0 0 

10
0 1 0 1 0 
0 0 1 0 1 
1 0 1 1 0 
0 1 0 1 1 
1 0 0 0 1 

11
1 1 0 1 0 
0 1 1 0 1 
1 0 0 1 0 
0 1 0 0 1 
1 0 0 0 0 

12
0 0 1 1 0 
0 0 0 1 1 
1 0 1 0 1 
1 1 1 1 0 
0 1 1 1 1 

13
1 0 1 1 0 
0 1 0 1 1 
1 0 0 0 1 
1 1 1 0 0 
0 1 1 1 0 

14
0 1 1 1 0 
0 0 1 1 1 
1 0 1 1 1 
1 1 1 1 1 
1 1 0 1 1 

15
1 1 1 1 0 
0 1 1 1 1 
1 0 0 1 1 
1 1 1 0 1 
1 1 0 1 0 

16
0 0 0 0 1 
1 0 1 0 0 
0 1 0 1 0 
0 0 1 0 1 
1 0 1 1 0 

17
1 0 0 0 1 
1 1 1 0 0 
0 1 1 1 0 
0 0 1 1 1 
1 0 1 1 1 

18
0 1 0 0 1 
1 0 0 0 0 
0 1 0 0 0 
0 0 1 0 0 
0 0 0 1 0 

19
1 1 0 0 1 
1 1 0 0 0 
0 1 1 0 0 
0 0 1 1 0 
0 0 0 1 1 

20
0 0 1 0 1 
1 0 1 1 0 
0 1 0 1 1 
1 0 0 0 1 
1 1 1 0 0 

21
1 0 1 0 1 
1 1 1 1 0 
0 1 1 1 1 
1 0 0 1 1 
1 1 1 0 1 

22
0 1 1 0 1 
1 0 0 1 0 
0 1 0 0 1 
1 0 0 0 0 
0 1 0 0 0 

23
1 1 1 0 1 
1 1 0 1 0 
0 1 1 0 1 
1 0 0 1 0 
0 1 0 0 1 

24
0 0 0 1 1 
1 0 1 0 1 
1 1 1 1 0 
0 1 1 1 1 
1 0 0 1 1 

25
1 0 0 1 1 
1 1 1 0 1 
1 1 0 1 0 
0 1 1 0 1 
1 0 0 1 0 

26
0 1 0 1 1 
1 0 0 0 1 
1 1 1 0 0 
0 1 1 1 0 
0 0 1 1 1 

27
1 1 0 1 1 
1 1 0 0 1 
1 1 0 0 0 
0 1 1 0 0 
0 0 1 1 0 

28
0 0 1 1 1 
1 0 1 1 1 
1 1 1 1 1 
1 1 0 1 1 
1 1 0 0 1 

29
1 0 1 1 1 
1 1 1 1 1 
1 1 0 1 1 
1 1 0 0 1 
1 1 0 0 0 

30
0 1 1 1 1 
1 0 0 1 1 
1 1 1 0 1 
1 1 0 1 0 
0 1 1 0 1 

31
1 1 1 1 1 
1 1 0 1 1 
1 1 0 0 1 
1 1 0 0 0 
0 1 1 0 0 

w: 6 ,num: 64*************
1
1 0 0 0 0 0 
0 1 0 0 0 0 
0 0 1 0 0 0 
0 0 0 1 0 0 
0 0 0 0 1 0 
0 0 0 0 0 1 

2
0 1 0 0 0 0 
0 0 1 0 0 0 
0 0 0 1 0 0 
0 0 0 0 1 0 
0 0 0 0 0 1 
1 1 0 0 0 0 

3
1 1 0 0 0 0 
0 1 1 0 0 0 
0 0 1 1 0 0 
0 0 0 1 1 0 
0 0 0 0 1 1 
1 1 0 0 0 1 

4
0 0 1 0 0 0 
0 0 0 1 0 0 
0 0 0 0 1 0 
0 0 0 0 0 1 
1 1 0 0 0 0 
0 1 1 0 0 0 

5
1 0 1 0 0 0 
0 1 0 1 0 0 
0 0 1 0 1 0 
0 0 0 1 0 1 
1 1 0 0 1 0 
0 1 1 0 0 1 

6
0 1 1 0 0 0 
0 0 1 1 0 0 
0 0 0 1 1 0 
0 0 0 0 1 1 
1 1 0 0 0 1 
1 0 1 0 0 0 

7
1 1 1 0 0 0 
0 1 1 1 0 0 
0 0 1 1 1 0 
0 0 0 1 1 1 
1 1 0 0 1 1 
1 0 1 0 0 1 

8
0 0 0 1 0 0 
0 0 0 0 1 0 
0 0 0 0 0 1 
1 1 0 0 0 0 
0 1 1 0 0 0 
0 0 1 1 0 0 

9
1 0 0 1 0 0 
0 1 0 0 1 0 
0 0 1 0 0 1 
1 1 0 1 0 0 
0 1 1 0 1 0 
0 0 1 1 0 1 

10
0 1 0 1 0 0 
0 0 1 0 1 0 
0 0 0 1 0 1 
1 1 0 0 1 0 
0 1 1 0 0 1 
1 1 1 1 0 0 

11
1 1 0 1 0 0 
0 1 1 0 1 0 
0 0 1 1 0 1 
1 1 0 1 1 0 
0 1 1 0 1 1 
1 1 1 1 0 1 

12
0 0 1 1 0 0 
0 0 0 1 1 0 
0 0 0 0 1 1 
1 1 0 0 0 1 
1 0 1 0 0 0 
0 1 0 1 0 0 

13
1 0 1 1 0 0 
0 1 0 1 1 0 
0 0 1 0 1 1 
1 1 0 1 0 1 
1 0 1 0 1 0 
0 1 0 1 0 1 

14
0 1 1 1 0 0 
0 0 1 1 1 0 
0 0 0 1 1 1 
1 1 0 0 1 1 
1 0 1 0 0 1 
1 0 0 1 0 0 

15
1 1 1 1 0 0 
0 1 1 1 1 0 
0 0 1 1 1 1 
1 1 0 1 1 1 
1 0 1 0 1 1 
1 0 0 1 0 1 

16
0 0 0 0 1 0 
0 0 0 0 0 1 
1 1 0 0 0 0 
0 1 1 0 0 0 
0 0 1 1 0 0 
0 0 0 1 1 0 

17
1 0 0 0 1 0 
0 1 0 0 0 1 
1 1 1 0 0 0 
0 1 1 1 0 0 
0 0 1 1 1 0 
0 0 0 1 1 1 

18
0 1 0 0 1 0 
0 0 1 0 0 1 
1 1 0 1 0 0 
0 1 1 0 1 0 
0 0 1 1 0 1 
1 1 0 1 1 0 

19
1 1 0 0 1 0 
0 1 1 0 0 1 
1 1 1 1 0 0 
0 1 1 1 1 0 
0 0 1 1 1 1 
1 1 0 1 1 1 

20
0 0 1 0 1 0 
0 0 0 1 0 1 
1 1 0 0 1 0 
0 1 1 0 0 1 
1 1 1 1 0 0 
0 1 1 1 1 0 

21
1 0 1 0 1 0 
0 1 0 1 0 1 
1 1 1 0 1 0 
0 1 1 1 0 1 
1 1 1 1 1 0 
0 1 1 1 1 1 

22
0 1 1 0 1 0 
0 0 1 1 0 1 
1 1 0 1 1 0 
0 1 1 0 1 1 
1 1 1 1 0 1 
1 0 1 1 1 0 

23
1 1 1 0 1 0 
0 1 1 1 0 1 
1 1 1 1 1 0 
0 1 1 1 1 1 
1 1 1 1 1 1 
1 0 1 1 1 1 

24
0 0 0 1 1 0 
0 0 0 0 1 1 
1 1 0 0 0 1 
1 0 1 0 0 0 
0 1 0 1 0 0 
0 0 1 0 1 0 

25
1 0 0 1 1 0 
0 1 0 0 1 1 
1 1 1 0 0 1 
1 0 1 1 0 0 
0 1 0 1 1 0 
0 0 1 0 1 1 

26
0 1 0 1 1 0 
0 0 1 0 1 1 
1 1 0 1 0 1 
1 0 1 0 1 0 
0 1 0 1 0 1 
1 1 1 0 1 0 

27
1 1 0 1 1 0 
0 1 1 0 1 1 
1 1 1 1 0 1 
1 0 1 1 1 0 
0 1 0 1 1 1 
1 1 1 0 1 1 

28
0 0 1 1 1 0 
0 0 0 1 1 1 
1 1 0 0 1 1 
1 0 1 0 0 1 
1 0 0 1 0 0 
0 1 0 0 1 0 

29
1 0 1 1 1 0 
0 1 0 1 1 1 
1 1 1 0 1 1 
1 0 1 1 0 1 
1 0 0 1 1 0 
0 1 0 0 1 1 

30
0 1 1 1 1 0 
0 0 1 1 1 1 
1 1 0 1 1 1 
1 0 1 0 1 1 
1 0 0 1 0 1 
1 0 0 0 1 0 

31
1 1 1 1 1 0 
0 1 1 1 1 1 
1 1 1 1 1 1 
1 0 1 1 1 1 
1 0 0 1 1 1 
1 0 0 0 1 1 

32
0 0 0 0 0 1 
1 1 0 0 0 0 
0 1 1 0 0 0 
0 0 1 1 0 0 
0 0 0 1 1 0 
0 0 0 0 1 1 

33
1 0 0 0 0 1 
1 0 0 0 0 0 
0 1 0 0 0 0 
0 0 1 0 0 0 
0 0 0 1 0 0 
0 0 0 0 1 0 

34
0 1 0 0 0 1 
1 1 1 0 0 0 
0 1 1 1 0 0 
0 0 1 1 1 0 
0 0 0 1 1 1 
1 1 0 0 1 1 

35
1 1 0 0 0 1 
1 0 1 0 0 0 
0 1 0 1 0 0 
0 0 1 0 1 0 
0 0 0 1 0 1 
1 1 0 0 1 0 

36
0 0 1 0 0 1 
1 1 0 1 0 0 
0 1 1 0 1 0 
0 0 1 1 0 1 
1 1 0 1 1 0 
0 1 1 0 1 1 

37
1 0 1 0 0 1 
1 0 0 1 0 0 
0 1 0 0 1 0 
0 0 1 0 0 1 
1 1 0 1 0 0 
0 1 1 0 1 0 

38
0 1 1 0 0 1 
1 1 1 1 0 0 
0 1 1 1 1 0 
0 0 1 1 1 1 
1 1 0 1 1 1 
1 0 1 0 1 1 

39
1 1 1 0 0 1 
1 0 1 1 0 0 
0 1 0 1 1 0 
0 0 1 0 1 1 
1 1 0 1 0 1 
1 0 1 0 1 0 

40
0 0 0 1 0 1 
1 1 0 0 1 0 
0 1 1 0 0 1 
1 1 1 1 0 0 
0 1 1 1 1 0 
0 0 1 1 1 1 

41
1 0 0 1 0 1 
1 0 0 0 1 0 
0 1 0 0 0 1 
1 1 1 0 0 0 
0 1 1 1 0 0 
0 0 1 1 1 0 

42
0 1 0 1 0 1 
1 1 1 0 1 0 
0 1 1 1 0 1 
1 1 1 1 1 0 
0 1 1 1 1 1 
1 1 1 1 1 1 

43
1 1 0 1 0 1 
1 0 1 0 1 0 
0 1 0 1 0 1 
1 1 1 0 1 0 
0 1 1 1 0 1 
1 1 1 1 1 0 

44
0 0 1 1 0 1 
1 1 0 1 1 0 
0 1 1 0 1 1 
1 1 1 1 0 1 
1 0 1 1 1 0 
0 1 0 1 1 1 

45
1 0 1 1 0 1 
1 0 0 1 1 0 
0 1 0 0 1 1 
1 1 1 0 0 1 
1 0 1 1 0 0 
0 1 0 1 1 0 

46
0 1 1 1 0 1 
1 1 1 1 1 0 
0 1 1 1 1 1 
1 1 1 1 1 1 
1 0 1 1 1 1 
1 0 0 1 1 1 

47
1 1 1 1 0 1 
1 0 1 1 1 0 
0 1 0 1 1 1 
1 1 1 0 1 1 
1 0 1 1 0 1 
1 0 0 1 1 0 

48
0 0 0 0 1 1 
1 1 0 0 0 1 
1 0 1 0 0 0 
0 1 0 1 0 0 
0 0 1 0 1 0 
0 0 0 1 0 1 

49
1 0 0 0 1 1 
1 0 0 0 0 1 
1 0 0 0 0 0 
0 1 0 0 0 0 
0 0 1 0 0 0 
0 0 0 1 0 0 

50
0 1 0 0 1 1 
1 1 1 0 0 1 
1 0 1 1 0 0 
0 1 0 1 1 0 
0 0 1 0 1 1 
1 1 0 1 0 1 

51
1 1 0 0 1 1 
1 0 1 0 0 1 
1 0 0 1 0 0 
0 1 0 0 1 0 
0 0 1 0 0 1 
1 1 0 1 0 0 

52
0 0 1 0 1 1 
1 1 0 1 0 1 
1 0 1 0 1 0 
0 1 0 1 0 1 
1 1 1 0 1 0 
0 1 1 1 0 1 

53
1 0 1 0 1 1 
1 0 0 1 0 1 
1 0 0 0 1 0 
0 1 0 0 0 1 
1 1 1 0 0 0 
0 1 1 1 0 0 

54
0 1 1 0 1 1 
1 1 1 1 0 1 
1 0 1 1 1 0 
0 1 0 1 1 1 
1 1 1 0 1 1 
1 0 1 1 0 1 

55
1 1 1 0 1 1 
1 0 1 1 0 1 
1 0 0 1 1 0 
0 1 0 0 1 1 
1 1 1 0 0 1 
1 0 1 1 0 0 

56
0 0 0 1 1 1 
1 1 0 0 1 1 
1 0 1 0 0 1 
1 0 0 1 0 0 
0 1 0 0 1 0 
0 0 1 0 0 1 

57
1 0 0 1 1 1 
1 0 0 0 1 1 
1 0 0 0 0 1 
1 0 0 0 0 0 
0 1 0 0 0 0 
0 0 1 0 0 0 

58
0 1 0 1 1 1 
1 1 1 0 1 1 
1 0 1 1 0 1 
1 0 0 1 1 0 
0 1 0 0 1 1 
1 1 1 0 0 1 

59
1 1 0 1 1 1 
1 0 1 0 1 1 
1 0 0 1 0 1 
1 0 0 0 1 0 
0 1 0 0 0 1 
1 1 1 0 0 0 

60
0 0 1 1 1 1 
1 1 0 1 1 1 
1 0 1 0 1 1 
1 0 0 1 0 1 
1 0 0 0 1 0 
0 1 0 0 0 1 

61
1 0 1 1 1 1 
1 0 0 1 1 1 
1 0 0 0 1 1 
1 0 0 0 0 1 
1 0 0 0 0 0 
0 1 0 0 0 0 

62
0 1 1 1 1 1 
1 1 1 1 1 1 
1 0 1 1 1 1 
1 0 0 1 1 1 
1 0 0 0 1 1 
1 0 0 0 0 1 

63
1 1 1 1 1 1 
1 0 1 1 1 1 
1 0 0 1 1 1 
1 0 0 0 1 1 
1 0 0 0 0 1 
1 0 0 0 0 0 

w: 7 ,num: 128*************
1
1 0 0 0 0 0 0 
0 1 0 0 0 0 0 
0 0 1 0 0 0 0 
0 0 0 1 0 0 0 
0 0 0 0 1 0 0 
0 0 0 0 0 1 0 
0 0 0 0 0 0 1 

2
0 1 0 0 0 0 0 
0 0 1 0 0 0 0 
0 0 0 1 0 0 0 
0 0 0 0 1 0 0 
0 0 0 0 0 1 0 
0 0 0 0 0 0 1 
1 0 0 1 0 0 0 

3
1 1 0 0 0 0 0 
0 1 1 0 0 0 0 
0 0 1 1 0 0 0 
0 0 0 1 1 0 0 
0 0 0 0 1 1 0 
0 0 0 0 0 1 1 
1 0 0 1 0 0 1 

4
0 0 1 0 0 0 0 
0 0 0 1 0 0 0 
0 0 0 0 1 0 0 
0 0 0 0 0 1 0 
0 0 0 0 0 0 1 
1 0 0 1 0 0 0 
0 1 0 0 1 0 0 

5
1 0 1 0 0 0 0 
0 1 0 1 0 0 0 
0 0 1 0 1 0 0 
0 0 0 1 0 1 0 
0 0 0 0 1 0 1 
1 0 0 1 0 1 0 
0 1 0 0 1 0 1 

6
0 1 1 0 0 0 0 
0 0 1 1 0 0 0 
0 0 0 1 1 0 0 
0 0 0 0 1 1 0 
0 0 0 0 0 1 1 
1 0 0 1 0 0 1 
1 1 0 1 1 0 0 

7
1 1 1 0 0 0 0 
0 1 1 1 0 0 0 
0 0 1 1 1 0 0 
0 0 0 1 1 1 0 
0 0 0 0 1 1 1 
1 0 0 1 0 1 1 
1 1 0 1 1 0 1 

8
0 0 0 1 0 0 0 
0 0 0 0 1 0 0 
0 0 0 0 0 1 0 
0 0 0 0 0 0 1 
1 0 0 1 0 0 0 
0 1 0 0 1 0 0 
0 0 1 0 0 1 0 

9
1 0 0 1 0 0 0 
0 1 0 0 1 0 0 
0 0 1 0 0 1 0 
0 0 0 1 0 0 1 
1 0 0 1 1 0 0 
0 1 0 0 1 1 0 
0 0 1 0 0 1 1 

10
0 1 0 1 0 0 0 
0 0 1 0 1 0 0 
0 0 0 1 0 1 0 
0 0 0 0 1 0 1 
1 0 0 1 0 1 0 
0 1 0 0 1 0 1 
1 0 1 1 0 1 0 

11
1 1 0 1 0 0 0 
0 1 1 0 1 0 0 
0 0 1 1 0 1 0 
0 0 0 1 1 0 1 
1 0 0 1 1 1 0 
0 1 0 0 1 1 1 
1 0 1 1 0 1 1 

12
0 0 1 1 0 0 0 
0 0 0 1 1 0 0 
0 0 0 0 1 1 0 
0 0 0 0 0 1 1 
1 0 0 1 0 0 1 
1 1 0 1 1 0 0 
0 1 1 0 1 1 0 

13
1 0 1 1 0 0 0 
0 1 0 1 1 0 0 
0 0 1 0 1 1 0 
0 0 0 1 0 1 1 
1 0 0 1 1 0 1 
1 1 0 1 1 1 0 
0 1 1 0 1 1 1 

14
0 1 1 1 0 0 0 
0 0 1 1 1 0 0 
0 0 0 1 1 1 0 
0 0 0 0 1 1 1 
1 0 0 1 0 1 1 
1 1 0 1 1 0 1 
1 1 1 1 1 1 0 

15
1 1 1 1 0 0 0 
0 1 1 1 1 0 0 
0 0 1 1 1 1 0 
0 0 0 1 1 1 1 
1 0 0 1 1 1 1 
1 1 0 1 1 1 1 
1 1 1 1 1 1 1 

16
0 0 0 0 1 0 0 
0 0 0 0 0 1 0 
0 0 0 0 0 0 1 
1 0 0 1 0 0 0 
0 1 0 0 1 0 0 
0 0 1 0 0 1 0 
0 0 0 1 0 0 1 

17
1 0 0 0 1 0 0 
0 1 0 0 0 1 0 
0 0 1 0 0 0 1 
1 0 0 0 0 0 0 
0 1 0 0 0 0 0 
0 0 1 0 0 0 0 
0 0 0 1 0 0 0 

18
0 1 0 0 1 0 0 
0 0 1 0 0 1 0 
0 0 0 1 0 0 1 
1 0 0 1 1 0 0 
0 1 0 0 1 1 0 
0 0 1 0 0 1 1 
1 0 0 0 0 0 1 

19
1 1 0 0 1 0 0 
0 1 1 0 0 1 0 
0 0 1 1 0 0 1 
1 0 0 0 1 0 0 
0 1 0 0 0 1 0 
0 0 1 0 0 0 1 
1 0 0 0 0 0 0 

20
0 0 1 0 1 0 0 
0 0 0 1 0 1 0 
0 0 0 0 1 0 1 
1 0 0 1 0 1 0 
0 1 0 0 1 0 1 
1 0 1 1 0 1 0 
0 1 0 1 1 0 1 

21
1 0 1 0 1 0 0 
0 1 0 1 0 1 0 
0 0 1 0 1 0 1 
1 0 0 0 0 1 0 
0 1 0 0 0 0 1 
1 0 1 1 0 0 0 
0 1 0 1 1 0 0 

22
0 1 1 0 1 0 0 
0 0 1 1 0 1 0 
0 0 0 1 1 0 1 
1 0 0 1 1 1 0 
0 1 0 0 1 1 1 
1 0 1 1 0 1 1 
1 1 0 0 1 0 1 

23
1 1 1 0 1 0 0 
0 1 1 1 0 1 0 
0 0 1 1 1 0 1 
1 0 0 0 1 1 0 
0 1 0 0 0 1 1 
1 0 1 1 0 0 1 
1 1 0 0 1 0 0 

24
0 0 0 1 1 0 0 
0 0 0 0 1 1 0 
0 0 0 0 0 1 1 
1 0 0 1 0 0 1 
1 1 0 1 1 0 0 
0 1 1 0 1 1 0 
0 0 1 1 0 1 1 

25
1 0 0 1 1 0 0 
0 1 0 0 1 1 0 
0 0 1 0 0 1 1 
1 0 0 0 0 0 1 
1 1 0 1 0 0 0 
0 1 1 0 1 0 0 
0 0 1 1 0 1 0 

26
0 1 0 1 1 0 0 
0 0 1 0 1 1 0 
0 0 0 1 0 1 1 
1 0 0 1 1 0 1 
1 1 0 1 1 1 0 
0 1 1 0 1 1 1 
1 0 1 0 0 1 1 

27
1 1 0 1 1 0 0 
0 1 1 0 1 1 0 
0 0 1 1 0 1 1 
1 0 0 0 1 0 1 
1 1 0 1 0 1 0 
0 1 1 0 1 0 1 
1 0 1 0 0 1 0 

28
0 0 1 1 1 0 0 
0 0 0 1 1 1 0 
0 0 0 0 1 1 1 
1 0 0 1 0 1 1 
1 1 0 1 1 0 1 
1 1 1 1 1 1 0 
0 1 1 1 1 1 1 

29
1 0 1 1 1 0 0 
0 1 0 1 1 1 0 
0 0 1 0 1 1 1 
1 0 0 0 0 1 1 
1 1 0 1 0 0 1 
1 1 1 1 1 0 0 
0 1 1 1 1 1 0 

30
0 1 1 1 1 0 0 
0 0 1 1 1 1 0 
0 0 0 1 1 1 1 
1 0 0 1 1 1 1 
1 1 0 1 1 1 1 
1 1 1 1 1 1 1 
1 1 1 0 1 1 1 

31
1 1 1 1 1 0 0 
0 1 1 1 1 1 0 
0 0 1 1 1 1 1 
1 0 0 0 1 1 1 
1 1 0 1 0 1 1 
1 1 1 1 1 0 1 
1 1 1 0 1 1 0 

32
0 0 0 0 0 1 0 
0 0 0 0 0 0 1 
1 0 0 1 0 0 0 
0 1 0 0 1 0 0 
0 0 1 0 0 1 0 
0 0 0 1 0 0 1 
1 0 0 1 1 0 0 

33
1 0 0 0 0 1 0 
0 1 0 0 0 0 1 
1 0 1 1 0 0 0 
0 1 0 1 1 0 0 
0 0 1 0 1 1 0 
0 0 0 1 0 1 1 
1 0 0 1 1 0 1 

34
0 1 0 0 0 1 0 
0 0 1 0 0 0 1 
1 0 0 0 0 0 0 
0 1 0 0 0 0 0 
0 0 1 0 0 0 0 
0 0 0 1 0 0 0 
0 0 0 0 1 0 0 

35
1 1 0 0 0 1 0 
0 1 1 0 0 0 1 
1 0 1 0 0 0 0 
0 1 0 1 0 0 0 
0 0 1 0 1 0 0 
0 0 0 1 0 1 0 
0 0 0 0 1 0 1 

36
0 0 1 0 0 1 0 
0 0 0 1 0 0 1 
1 0 0 1 1 0 0 
0 1 0 0 1 1 0 
0 0 1 0 0 1 1 
1 0 0 0 0 0 1 
1 1 0 1 0 0 0 

37
1 0 1 0 0 1 0 
0 1 0 1 0 0 1 
1 0 1 1 1 0 0 
0 1 0 1 1 1 0 
0 0 1 0 1 1 1 
1 0 0 0 0 1 1 
1 1 0 1 0 0 1 

38
0 1 1 0 0 1 0 
0 0 1 1 0 0 1 
1 0 0 0 1 0 0 
0 1 0 0 0 1 0 
0 0 1 0 0 0 1 
1 0 0 0 0 0 0 
0 1 0 0 0 0 0 

39
1 1 1 0 0 1 0 
0 1 1 1 0 0 1 
1 0 1 0 1 0 0 
0 1 0 1 0 1 0 
0 0 1 0 1 0 1 
1 0 0 0 0 1 0 
0 1 0 0 0 0 1 

40
0 0 0 1 0 1 0 
0 0 0 0 1 0 1 
1 0 0 1 0 1 0 
0 1 0 0 1 0 1 
1 0 1 1 0 1 0 
0 1 0 1 1 0 1 
1 0 1 1 1 1 0 

41
1 0 0 1 0 1 0 
0 1 0 0 1 0 1 
1 0 1 1 0 1 0 
0 1 0 1 1 0 1 
1 0 1 1 1 1 0 
0 1 0 1 1 1 1 
1 0 1 1 1 1 1 

42
0 1 0 1 0 1 0 
0 0 1 0 1 0 1 
1 0 0 0 0 1 0 
0 1 0 0 0 0 1 
1 0 1 1 0 0 0 
0 1 0 1 1 0 0 
0 0 1 0 1 1 0 

43
1 1 0 1 0 1 0 
0 1 1 0 1 0 1 
1 0 1 0 0 1 0 
0 1 0 1 0 0 1 
1 0 1 1 1 0 0 
0 1 0 1 1 1 0 
0 0 1 0 1 1 1 

44
0 0 1 1 0 1 0 
0 0 0 1 1 0 1 
1 0 0 1 1 1 0 
0 1 0 0 1 1 1 
1 0 1 1 0 1 1 
1 1 0 0 1 0 1 
1 1 1 1 0 1 0 

45
1 0 1 1 0 1 0 
0 1 0 1 1 0 1 
1 0 1 1 1 1 0 
0 1 0 1 1 1 1 
1 0 1 1 1 1 1 
1 1 0 0 1 1 1 
1 1 1 1 0 1 1 

46
0 1 1 1 0 1 0 
0 0 1 1 1 0 1 
1 0 0 0 1 1 0 
0 1 0 0 0 1 1 
1 0 1 1 0 0 1 
1 1 0 0 1 0 0 
0 1 1 0 0 1 0 

47
1 1 1 1 0 1 0 
0 1 1 1 1 0 1 
1 0 1 0 1 1 0 
0 1 0 1 0 1 1 
1 0 1 1 1 0 1 
1 1 0 0 1 1 0 
0 1 1 0 0 1 1 

48
0 0 0 0 1 1 0 
0 0 0 0 0 1 1 
1 0 0 1 0 0 1 
1 1 0 1 1 0 0 
0 1 1 0 1 1 0 
0 0 1 1 0 1 1 
1 0 0 0 1 0 1 

49
1 0 0 0 1 1 0 
0 1 0 0 0 1 1 
1 0 1 1 0 0 1 
1 1 0 0 1 0 0 
0 1 1 0 0 1 0 
0 0 1 1 0 0 1 
1 0 0 0 1 0 0 

50
0 1 0 0 1 1 0 
0 0 1 0 0 1 1 
1 0 0 0 0 0 1 
1 1 0 1 0 0 0 
0 1 1 0 1 0 0 
0 0 1 1 0 1 0 
0 0 0 1 1 0 1 

51
1 1 0 0 1 1 0 
0 1 1 0 0 1 1 
1 0 1 0 0 0 1 
1 1 0 0 0 0 0 
0 1 1 0 0 0 0 
0 0 1 1 0 0 0 
0 0 0 1 1 0 0 

52
0 0 1 0 1 1 0 
0 0 0 1 0 1 1 
1 0 0 1 1 0 1 
1 1 0 1 1 1 0 
0 1 1 0 1 1 1 
1 0 1 0 0 1 1 
1 1 0 0 0 0 1 

53
1 0 1 0 1 1 0 
0 1 0 1 0 1 1 
1 0 1 1 1 0 1 
1 1 0 0 1 1 0 
0 1 1 0 0 1 1 
1 0 1 0 0 0 1 
1 1 0 0 0 0 0 

54
0 1 1 0 1 1 0 
0 0 1 1 0 1 1 
1 0 0 0 1 0 1 
1 1 0 1 0 1 0 
0 1 1 0 1 0 1 
1 0 1 0 0 1 0 
0 1 0 1 0 0 1 

55
1 1 1 0 1 1 0 
0 1 1 1 0 1 1 
1 0 1 0 1 0 1 
1 1 0 0 0 1 0 
0 1 1 0 0 0 1 
1 0 1 0 0 0 0 
0 1 0 1 0 0 0 

56
0 0 0 1 1 1 0 
0 0 0 0 1 1 1 
1 0 0 1 0 1 1 
1 1 0 1 1 0 1 
1 1 1 1 1 1 0 
0 1 1 1 1 1 1 
1 0 1 0 1 1 1 

57
1 0 0 1 1 1 0 
0 1 0 0 1 1 1 
1 0 1 1 0 1 1 
1 1 0 0 1 0 1 
1 1 1 1 0 1 0 
0 1 1 1 1 0 1 
1 0 1 0 1 1 0 

58
0 1 0 1 1 1 0 
0 0 1 0 1 1 1 
1 0 0 0 0 1 1 
1 1 0 1 0 0 1 
1 1 1 1 1 0 0 
0 1 1 1 1 1 0 
0 0 1 1 1 1 1 

59
1 1 0 1 1 1 0 
0 1 1 0 1 1 1 
1 0 1 0 0 1 1 
1 1 0 0 0 0 1 
1 1 1 1 0 0 0 
0 1 1 1 1 0 0 
0 0 1 1 1 1 0 

60
0 0 1 1 1 1 0 
0 0 0 1 1 1 1 
1 0 0 1 1 1 1 
1 1 0 1 1 1 1 
1 1 1 1 1 1 1 
1 1 1 0 1 1 1 
1 1 1 0 0 1 1 

61
1 0 1 1 1 1 0 
0 1 0 1 1 1 1 
1 0 1 1 1 1 1 
1 1 0 0 1 1 1 
1 1 1 1 0 1 1 
1 1 1 0 1 0 1 
1 1 1 0 0 1 0 

62
0 1 1 1 1 1 0 
0 0 1 1 1 1 1 
1 0 0 0 1 1 1 
1 1 0 1 0 1 1 
1 1 1 1 1 0 1 
1 1 1 0 1 1 0 
0 1 1 1 0 1 1 

63
1 1 1 1 1 1 0 
0 1 1 1 1 1 1 
1 0 1 0 1 1 1 
1 1 0 0 0 1 1 
1 1 1 1 0 0 1 
1 1 1 0 1 0 0 
0 1 1 1 0 1 0 

64
0 0 0 0 0 0 1 
1 0 0 1 0 0 0 
0 1 0 0 1 0 0 
0 0 1 0 0 1 0 
0 0 0 1 0 0 1 
1 0 0 1 1 0 0 
0 1 0 0 1 1 0 

65
1 0 0 0 0 0 1 
1 1 0 1 0 0 0 
0 1 1 0 1 0 0 
0 0 1 1 0 1 0 
0 0 0 1 1 0 1 
1 0 0 1 1 1 0 
0 1 0 0 1 1 1 

66
0 1 0 0 0 0 1 
1 0 1 1 0 0 0 
0 1 0 1 1 0 0 
0 0 1 0 1 1 0 
0 0 0 1 0 1 1 
1 0 0 1 1 0 1 
1 1 0 1 1 1 0 

67
1 1 0 0 0 0 1 
1 1 1 1 0 0 0 
0 1 1 1 1 0 0 
0 0 1 1 1 1 0 
0 0 0 1 1 1 1 
1 0 0 1 1 1 1 
1 1 0 1 1 1 1 

68
0 0 1 0 0 0 1 
1 0 0 0 0 0 0 
0 1 0 0 0 0 0 
0 0 1 0 0 0 0 
0 0 0 1 0 0 0 
0 0 0 0 1 0 0 
0 0 0 0 0 1 0 

69
1 0 1 0 0 0 1 
1 1 0 0 0 0 0 
0 1 1 0 0 0 0 
0 0 1 1 0 0 0 
0 0 0 1 1 0 0 
0 0 0 0 1 1 0 
0 0 0 0 0 1 1 

70
0 1 1 0 0 0 1 
1 0 1 0 0 0 0 
0 1 0 1 0 0 0 
0 0 1 0 1 0 0 
0 0 0 1 0 1 0 
0 0 0 0 1 0 1 
1 0 0 1 0 1 0 

71
1 1 1 0 0 0 1 
1 1 1 0 0 0 0 
0 1 1 1 0 0 0 
0 0 1 1 1 0 0 
0 0 0 1 1 1 0 
0 0 0 0 1 1 1 
1 0 0 1 0 1 1 

72
0 0 0 1 0 0 1 
1 0 0 1 1 0 0 
0 1 0 0 1 1 0 
0 0 1 0 0 1 1 
1 0 0 0 0 0 1 
1 1 0 1 0 0 0 
0 1 1 0 1 0 0 

73
1 0 0 1 0 0 1 
1 1 0 1 1 0 0 
0 1 1 0 1 1 0 
0 0 1 1 0 1 1 
1 0 0 0 1 0 1 
1 1 0 1 0 1 0 
0 1 1 0 1 0 1 

74
0 1 0 1 0 0 1 
1 0 1 1 1 0 0 
0 1 0 1 1 1 0 
0 0 1 0 1 1 1 
1 0 0 0 0 1 1 
1 1 0 1 0 0 1 
1 1 1 1 1 0 0 

75
1 1 0 1 0 0 1 
1 1 1 1 1 0 0 
0 1 1 1 1 1 0 
0 0 1 1 1 1 1 
1 0 0 0 1 1 1 
1 1 0 1 0 1 1 
1 1 1 1 1 0 1 

76
0 0 1 1 0 0 1 
1 0 0 0 1 0 0 
0 1 0 0 0 1 0 
0 0 1 0 0 0 1 
1 0 0 0 0 0 0 
0 1 0 0 0 0 0 
0 0 1 0 0 0 0 

77
1 0 1 1 0 0 1 
1 1 0 0 1 0 0 
0 1 1 0 0 1 0 
0 0 1 1 0 0 1 
1 0 0 0 1 0 0 
0 1 0 0 0 1 0 
0 0 1 0 0 0 1 

78
0 1 1 1 0 0 1 
1 0 1 0 1 0 0 
0 1 0 1 0 1 0 
0 0 1 0 1 0 1 
1 0 0 0 0 1 0 
0 1 0 0 0 0 1 
1 0 1 1 0 0 0 

79
1 1 1 1 0 0 1 
1 1 1 0 1 0 0 
0 1 1 1 0 1 0 
0 0 1 1 1 0 1 
1 0 0 0 1 1 0 
0 1 0 0 0 1 1 
1 0 1 1 0 0 1 

80
0 0 0 0 1 0 1 
1 0 0 1 0 1 0 
0 1 0 0 1 0 1 
1 0 1 1 0 1 0 
0 1 0 1 1 0 1 
1 0 1 1 1 1 0 
0 1 0 1 1 1 1 

81
1 0 0 0 1 0 1 
1 1 0 1 0 1 0 
0 1 1 0 1 0 1 
1 0 1 0 0 1 0 
0 1 0 1 0 0 1 
1 0 1 1 1 0 0 
0 1 0 1 1 1 0 

82
0 1 0 0 1 0 1 
1 0 1 1 0 1 0 
0 1 0 1 1 0 1 
1 0 1 1 1 1 0 
0 1 0 1 1 1 1 
1 0 1 1 1 1 1 
1 1 0 0 1 1 1 

83
1 1 0 0 1 0 1 
1 1 1 1 0 1 0 
0 1 1 1 1 0 1 
1 0 1 0 1 1 0 
0 1 0 1 0 1 1 
1 0 1 1 1 0 1 
1 1 0 0 1 1 0 

84
0 0 1 0 1 0 1 
1 0 0 0 0 1 0 
0 1 0 0 0 0 1 
1 0 1 1 0 0 0 
0 1 0 1 1 0 0 
0 0 1 0 1 1 0 
0 0 0 1 0 1 1 

85
1 0 1 0 1 0 1 
1 1 0 0 0 1 0 
0 1 1 0 0 0 1 
1 0 1 0 0 0 0 
0 1 0 1 0 0 0 
0 0 1 0 1 0 0 
0 0 0 1 0 1 0 

86
0 1 1 0 1 0 1 
1 0 1 0 0 1 0 
0 1 0 1 0 0 1 
1 0 1 1 1 0 0 
0 1 0 1 1 1 0 
0 0 1 0 1 1 1 
1 0 0 0 0 1 1 

87
1 1 1 0 1 0 1 
1 1 1 0 0 1 0 
0 1 1 1 0 0 1 
1 0 1 0 1 0 0 
0 1 0 1 0 1 0 
0 0 1 0 1 0 1 
1 0 0 0 0 1 0 

88
0 0 0 1 1 0 1 
1 0 0 1 1 1 0 
0 1 0 0 1 1 1 
1 0 1 1 0 1 1 
1 1 0 0 1 0 1 
1 1 1 1 0 1 0 
0 1 1 1 1 0 1 

89
1 0 0 1 1 0 1 
1 1 0 1 1 1 0 
0 1 1 0 1 1 1 
1 0 1 0 0 1 1 
1 1 0 0 0 0 1 
1 1 1 1 0 0 0 
0 1 1 1 1 0 0 

90
0 1 0 1 1 0 1 
1 0 1 1 1 1 0 
0 1 0 1 1 1 1 
1 0 1 1 1 1 1 
1 1 0 0 1 1 1 
1 1 1 1 0 1 1 
1 1 1 0 1 0 1 

91
1 1 0 1 1 0 1 
1 1 1 1 1 1 0 
0 1 1 1 1 1 1 
1 0 1 0 1 1 1 
1 1 0 0 0 1 1 
1 1 1 1 0 0 1 
1 1 1 0 1 0 0 

92
0 0 1 1 1 0 1 
1 0 0 0 1 1 0 
0 1 0 0 0 1 1 
1 0 1 1 0 0 1 
1 1 0 0 1 0 0 
0 1 1 0 0 1 0 
0 0 1 1 0 0 1 

93
1 0 1 1 1 0 1 
1 1 0 0 1 1 0 
0 1 1 0 0 1 1 
1 0 1 0 0 0 1 
1 1 0 0 0 0 0 
0 1 1 0 0 0 0 
0 0 1 1 0 0 0 

94
0 1 1 1 1 0 1 
1 0 1 0 1 1 0 
0 1 0 1 0 1 1 
1 0 1 1 1 0 1 
1 1 0 0 1 1 0 
0 1 1 0 0 1 1 
1 0 1 0 0 0 1 

95
1 1 1 1 1 0 1 
1 1 1 0 1 1 0 
0 1 1 1 0 1 1 
1 0 1 0 1 0 1 
1 1 0 0 0 1 0 
0 1 1 0 0 0 1 
1 0 1 0 0 0 0 

96
0 0 0 0 0 1 1 
1 0 0 1 0 0 1 
1 1 0 1 1 0 0 
0 1 1 0 1 1 0 
0 0 1 1 0 1 1 
1 0 0 0 1 0 1 
1 1 0 1 0 1 0 

97
1 0 0 0 0 1 1 
1 1 0 1 0 0 1 
1 1 1 1 1 0 0 
0 1 1 1 1 1 0 
0 0 1 1 1 1 1 
1 0 0 0 1 1 1 
1 1 0 1 0 1 1 

98
0 1 0 0 0 1 1 
1 0 1 1 0 0 1 
1 1 0 0 1 0 0 
0 1 1 0 0 1 0 
0 0 1 1 0 0 1 
1 0 0 0 1 0 0 
0 1 0 0 0 1 0 

99
1 1 0 0 0 1 1 
1 1 1 1 0 0 1 
1 1 1 0 1 0 0 
0 1 1 1 0 1 0 
0 0 1 1 1 0 1 
1 0 0 0 1 1 0 
0 1 0 0 0 1 1 

100
0 0 1 0 0 1 1 
1 0 0 0 0 0 1 
1 1 0 1 0 0 0 
0 1 1 0 1 0 0 
0 0 1 1 0 1 0 
0 0 0 1 1 0 1 
1 0 0 1 1 1 0 

101
1 0 1 0 0 1 1 
1 1 0 0 0 0 1 
1 1 1 1 0 0 0 
0 1 1 1 1 0 0 
0 0 1 1 1 1 0 
0 0 0 1 1 1 1 
1 0 0 1 1 1 1 

102
0 1 1 0 0 1 1 
1 0 1 0 0 0 1 
1 1 0 0 0 0 0 
0 1 1 0 0 0 0 
0 0 1 1 0 0 0 
0 0 0 1 1 0 0 
0 0 0 0 1 1 0 

103
1 1 1 0 0 1 1 
1 1 1 0 0 0 1 
1 1 1 0 0 0 0 
0 1 1 1 0 0 0 
0 0 1 1 1 0 0 
0 0 0 1 1 1 0 
0 0 0 0 1 1 1 

104
0 0 0 1 0 1 1 
1 0 0 1 1 0 1 
1 1 0 1 1 1 0 
0 1 1 0 1 1 1 
1 0 1 0 0 1 1 
1 1 0 0 0 0 1 
1 1 1 1 0 0 0 

105
1 0 0 1 0 1 1 
1 1 0 1 1 0 1 
1 1 1 1 1 1 0 
0 1 1 1 1 1 1 
1 0 1 0 1 1 1 
1 1 0 0 0 1 1 
1 1 1 1 0 0 1 

106
0 1 0 1 0 1 1 
1 0 1 1 1 0 1 
1 1 0 0 1 1 0 
0 1 1 0 0 1 1 
1 0 1 0 0 0 1 
1 1 0 0 0 0 0 
0 1 1 0 0 0 0 

107
1 1 0 1 0 1 1 
1 1 1 1 1 0 1 
1 1 1 0 1 1 0 
0 1 1 1 0 1 1 
1 0 1 0 1 0 1 
1 1 0 0 0 1 0 
0 1 1 0 0 0 1 

108
0 0 1 1 0 1 1 
1 0 0 0 1 0 1 
1 1 0 1 0 1 0 
0 1 1 0 1 0 1 
1 0 1 0 0 1 0 
0 1 0 1 0 0 1 
1 0 1 1 1 0 0 

109
1 0 1 1 0 1 1 
1 1 0 0 1 0 1 
1 1 1 1 0 1 0 
0 1 1 1 1 0 1 
1 0 1 0 1 1 0 
0 1 0 1 0 1 1 
1 0 1 1 1 0 1 

110
0 1 1 1 0 1 1 
1 0 1 0 1 0 1 
1 1 0 0 0 1 0 
0 1 1 0 0 0 1 
1 0 1 0 0 0 0 
0 1 0 1 0 0 0 
0 0 1 0 1 0 0 

111
1 1 1 1 0 1 1 
1 1 1 0 1 0 1 
1 1 1 0 0 1 0 
0 1 1 1 0 0 1 
1 0 1 0 1 0 0 
0 1 0 1 0 1 0 
0 0 1 0 1 0 1 

112
0 0 0 0 1 1 1 
1 0 0 1 0 1 1 
1 1 0 1 1 0 1 
1 1 1 1 1 1 0 
0 1 1 1 1 1 1 
1 0 1 0 1 1 1 
1 1 0 0 0 1 1 

113
1 0 0 0 1 1 1 
1 1 0 1 0 1 1 
1 1 1 1 1 0 1 
1 1 1 0 1 1 0 
0 1 1 1 0 1 1 
1 0 1 0 1 0 1 
1 1 0 0 0 1 0 

114
0 1 0 0 1 1 1 
1 0 1 1 0 1 1 
1 1 0 0 1 0 1 
1 1 1 1 0 1 0 
0 1 1 1 1 0 1 
1 0 1 0 1 1 0 
0 1 0 1 0 1 1 

115
1 1 0 0 1 1 1 
1 1 1 1 0 1 1 
1 1 1 0 1 0 1 
1 1 1 0 0 1 0 
0 1 1 1 0 0 1 
1 0 1 0 1 0 0 
0 1 0 1 0 1 0 

116
0 0 1 0 1 1 1 
1 0 0 0 0 1 1 
1 1 0 1 0 0 1 
1 1 1 1 1 0 0 
0 1 1 1 1 1 0 
0 0 1 1 1 1 1 
1 0 0 0 1 1 1 

117
1 0 1 0 1 1 1 
1 1 0 0 0 1 1 
1 1 1 1 0 0 1 
1 1 1 0 1 0 0 
0 1 1 1 0 1 0 
0 0 1 1 1 0 1 
1 0 0 0 1 1 0 

118
0 1 1 0 1 1 1 
1 0 1 0 0 1 1 
1 1 0 0 0 0 1 
1 1 1 1 0 0 0 
0 1 1 1 1 0 0 
0 0 1 1 1 1 0 
0 0 0 1 1 1 1 

119
1 1 1 0 1 1 1 
1 1 1 0 0 1 1 
1 1 1 0 0 0 1 
1 1 1 0 0 0 0 
0 1 1 1 0 0 0 
0 0 1 1 1 0 0 
0 0 0 1 1 1 0 

120
0 0 0 1 1 1 1 
1 0 0 1 1 1 1 
1 1 0 1 1 1 1 
1 1 1 1 1 1 1 
1 1 1 0 1 1 1 
1 1 1 0 0 1 1 
1 1 1 0 0 0 1 

121
1 0 0 1 1 1 1 
1 1 0 1 1 1 1 
1 1 1 1 1 1 1 
1 1 1 0 1 1 1 
1 1 1 0 0 1 1 
1 1 1 0 0 0 1 
1 1 1 0 0 0 0 

122
0 1 0 1 1 1 1 
1 0 1 1 1 1 1 
1 1 0 0 1 1 1 
1 1 1 1 0 1 1 
1 1 1 0 1 0 1 
1 1 1 0 0 1 0 
0 1 1 1 0 0 1 

123
1 1 0 1 1 1 1 
1 1 1 1 1 1 1 
1 1 1 0 1 1 1 
1 1 1 0 0 1 1 
1 1 1 0 0 0 1 
1 1 1 0 0 0 0 
0 1 1 1 0 0 0 

124
0 0 1 1 1 1 1 
1 0 0 0 1 1 1 
1 1 0 1 0 1 1 
1 1 1 1 1 0 1 
1 1 1 0 1 1 0 
0 1 1 1 0 1 1 
1 0 1 0 1 0 1 

125
1 0 1 1 1 1 1 
1 1 0 0 1 1 1 
1 1 1 1 0 1 1 
1 1 1 0 1 0 1 
1 1 1 0 0 1 0 
0 1 1 1 0 0 1 
1 0 1 0 1 0 0 

126
0 1 1 1 1 1 1 
1 0 1 0 1 1 1 
1 1 0 0 0 1 1 
1 1 1 1 0 0 1 
1 1 1 0 1 0 0 
0 1 1 1 0 1 0 
0 0 1 1 1 0 1 

127
1 1 1 1 1 1 1 
1 1 1 0 1 1 1 
1 1 1 0 0 1 1 
1 1 1 0 0 0 1 
1 1 1 0 0 0 0 
0 1 1 1 0 0 0 
0 0 1 1 1 0 0 

w: 8 ,num: 256*************
1
1 0 0 0 0 0 0 0 
0 1 0 0 0 0 0 0 
0 0 1 0 0 0 0 0 
0 0 0 1 0 0 0 0 
0 0 0 0 1 0 0 0 
0 0 0 0 0 1 0 0 
0 0 0 0 0 0 1 0 
0 0 0 0 0 0 0 1 

2
0 1 0 0 0 0 0 0 
0 0 1 0 0 0 0 0 
0 0 0 1 0 0 0 0 
0 0 0 0 1 0 0 0 
0 0 0 0 0 1 0 0 
0 0 0 0 0 0 1 0 
0 0 0 0 0 0 0 1 
1 0 1 1 1 0 0 0 

3
1 1 0 0 0 0 0 0 
0 1 1 0 0 0 0 0 
0 0 1 1 0 0 0 0 
0 0 0 1 1 0 0 0 
0 0 0 0 1 1 0 0 
0 0 0 0 0 1 1 0 
0 0 0 0 0 0 1 1 
1 0 1 1 1 0 0 1 

4
0 0 1 0 0 0 0 0 
0 0 0 1 0 0 0 0 
0 0 0 0 1 0 0 0 
0 0 0 0 0 1 0 0 
0 0 0 0 0 0 1 0 
0 0 0 0 0 0 0 1 
1 0 1 1 1 0 0 0 
0 1 0 1 1 1 0 0 

5
1 0 1 0 0 0 0 0 
0 1 0 1 0 0 0 0 
0 0 1 0 1 0 0 0 
0 0 0 1 0 1 0 0 
0 0 0 0 1 0 1 0 
0 0 0 0 0 1 0 1 
1 0 1 1 1 0 1 0 
0 1 0 1 1 1 0 1 

6
0 1 1 0 0 0 0 0 
0 0 1 1 0 0 0 0 
0 0 0 1 1 0 0 0 
0 0 0 0 1 1 0 0 
0 0 0 0 0 1 1 0 
0 0 0 0 0 0 1 1 
1 0 1 1 1 0 0 1 
1 1 1 0 0 1 0 0 

7
1 1 1 0 0 0 0 0 
0 1 1 1 0 0 0 0 
0 0 1 1 1 0 0 0 
0 0 0 1 1 1 0 0 
0 0 0 0 1 1 1 0 
0 0 0 0 0 1 1 1 
1 0 1 1 1 0 1 1 
1 1 1 0 0 1 0 1 

8
0 0 0 1 0 0 0 0 
0 0 0 0 1 0 0 0 
0 0 0 0 0 1 0 0 
0 0 0 0 0 0 1 0 
0 0 0 0 0 0 0 1 
1 0 1 1 1 0 0 0 
0 1 0 1 1 1 0 0 
0 0 1 0 1 1 1 0 

9
1 0 0 1 0 0 0 0 
0 1 0 0 1 0 0 0 
0 0 1 0 0 1 0 0 
0 0 0 1 0 0 1 0 
0 0 0 0 1 0 0 1 
1 0 1 1 1 1 0 0 
0 1 0 1 1 1 1 0 
0 0 1 0 1 1 1 1 

10
0 1 0 1 0 0 0 0 
0 0 1 0 1 0 0 0 
0 0 0 1 0 1 0 0 
0 0 0 0 1 0 1 0 
0 0 0 0 0 1 0 1 
1 0 1 1 1 0 1 0 
0 1 0 1 1 1 0 1 
1 0 0 1 0 1 1 0 

11
1 1 0 1 0 0 0 0 
0 1 1 0 1 0 0 0 
0 0 1 1 0 1 0 0 
0 0 0 1 1 0 1 0 
0 0 0 0 1 1 0 1 
1 0 1 1 1 1 1 0 
0 1 0 1 1 1 1 1 
1 0 0 1 0 1 1 1 

12
0 0 1 1 0 0 0 0 
0 0 0 1 1 0 0 0 
0 0 0 0 1 1 0 0 
0 0 0 0 0 1 1 0 
0 0 0 0 0 0 1 1 
1 0 1 1 1 0 0 1 
1 1 1 0 0 1 0 0 
0 1 1 1 0 0 1 0 

13
1 0 1 1 0 0 0 0 
0 1 0 1 1 0 0 0 
0 0 1 0 1 1 0 0 
0 0 0 1 0 1 1 0 
0 0 0 0 1 0 1 1 
1 0 1 1 1 1 0 1 
1 1 1 0 0 1 1 0 
0 1 1 1 0 0 1 1 

14
0 1 1 1 0 0 0 0 
0 0 1 1 1 0 0 0 
0 0 0 1 1 1 0 0 
0 0 0 0 1 1 1 0 
0 0 0 0 0 1 1 1 
1 0 1 1 1 0 1 1 
1 1 1 0 0 1 0 1 
1 1 0 0 1 0 1 0 

15
1 1 1 1 0 0 0 0 
0 1 1 1 1 0 0 0 
0 0 1 1 1 1 0 0 
0 0 0 1 1 1 1 0 
0 0 0 0 1 1 1 1 
1 0 1 1 1 1 1 1 
1 1 1 0 0 1 1 1 
1 1 0 0 1 0 1 1 

16
0 0 0 0 1 0 0 0 
0 0 0 0 0 1 0 0 
0 0 0 0 0 0 1 0 
0 0 0 0 0 0 0 1 
1 0 1 1 1 0 0 0 
0 1 0 1 1 1 0 0 
0 0 1 0 1 1 1 0 
0 0 0 1 0 1 1 1 

17
1 0 0 0 1 0 0 0 
0 1 0 0 0 1 0 0 
0 0 1 0 0 0 1 0 
0 0 0 1 0 0 0 1 
1 0 1 1 0 0 0 0 
0 1 0 1 1 0 0 0 
0 0 1 0 1 1 0 0 
0 0 0 1 0 1 1 0 

18
0 1 0 0 1 0 0 0 
0 0 1 0 0 1 0 0 
0 0 0 1 0 0 1 0 
0 0 0 0 1 0 0 1 
1 0 1 1 1 1 0 0 
0 1 0 1 1 1 1 0 
0 0 1 0 1 1 1 1 
1 0 1 0 1 1 1 1 

19
1 1 0 0 1 0 0 0 
0 1 1 0 0 1 0 0 
0 0 1 1 0 0 1 0 
0 0 0 1 1 0 0 1 
1 0 1 1 0 1 0 0 
0 1 0 1 1 0 1 0 
0 0 1 0 1 1 0 1 
1 0 1 0 1 1 1 0 

20
0 0 1 0 1 0 0 0 
0 0 0 1 0 1 0 0 
0 0 0 0 1 0 1 0 
0 0 0 0 0 1 0 1 
1 0 1 1 1 0 1 0 
0 1 0 1 1 1 0 1 
1 0 0 1 0 1 1 0 
0 1 0 0 1 0 1 1 

21
1 0 1 0 1 0 0 0 
0 1 0 1 0 1 0 0 
0 0 1 0 1 0 1 0 
0 0 0 1 0 1 0 1 
1 0 1 1 0 0 1 0 
0 1 0 1 1 0 0 1 
1 0 0 1 0 1 0 0 
0 1 0 0 1 0 1 0 

22
0 1 1 0 1 0 0 0 
0 0 1 1 0 1 0 0 
0 0 0 1 1 0 1 0 
0 0 0 0 1 1 0 1 
1 0 1 1 1 1 1 0 
0 1 0 1 1 1 1 1 
1 0 0 1 0 1 1 1 
1 1 1 1 0 0 1 1 

23
1 1 1 0 1 0 0 0 
0 1 1 1 0 1 0 0 
0 0 1 1 1 0 1 0 
0 0 0 1 1 1 0 1 
1 0 1 1 0 1 1 0 
0 1 0 1 1 0 1 1 
1 0 0 1 0 1 0 1 
1 1 1 1 0 0 1 0 

24
0 0 0 1 1 0 0 0 
0 0 0 0 1 1 0 0 
0 0 0 0 0 1 1 0 
0 0 0 0 0 0 1 1 
1 0 1 1 1 0 0 1 
1 1 1 0 0 1 0 0 
0 1 1 1 0 0 1 0 
0 0 1 1 1 0 0 1 

25
1 0 0 1 1 0 0 0 
0 1 0 0 1 1 0 0 
0 0 1 0 0 1 1 0 
0 0 0 1 0 0 1 1 
1 0 1 1 0 0 0 1 
1 1 1 0 0 0 0 0 
0 1 1 1 0 0 0 0 
0 0 1 1 1 0 0 0 

26
0 1 0 1 1 0 0 0 
0 0 1 0 1 1 0 0 
0 0 0 1 0 1 1 0 
0 0 0 0 1 0 1 1 
1 0 1 1 1 1 0 1 
1 1 1 0 0 1 1 0 
0 1 1 1 0 0 1 1 
1 0 0 0 0 0 0 1 

27
1 1 0 1 1 0 0 0 
0 1 1 0 1 1 0 0 
0 0 1 1 0 1 1 0 
0 0 0 1 1 0 1 1 
1 0 1 1 0 1 0 1 
1 1 1 0 0 0 1 0 
0 1 1 1 0 0 0 1 
1 0 0 0 0 0 0 0 

28
0 0 1 1 1 0 0 0 
0 0 0 1 1 1 0 0 
0 0 0 0 1 1 1 0 
0 0 0 0 0 1 1 1 
1 0 1 1 1 0 1 1 
1 1 1 0 0 1 0 1 
1 1 0 0 1 0 1 0 
0 1 1 0 0 1 0 1 

29
1 0 1 1 1 0 0 0 
0 1 0 1 1 1 0 0 
0 0 1 0 1 1 1 0 
0 0 0 1 0 1 1 1 
1 0 1 1 0 0 1 1 
1 1 1 0 0 0 0 1 
1 1 0 0 1 0 0 0 
0 1 1 0 0 1 0 0 

30
0 1 1 1 1 0 0 0 
0 0 1 1 1 1 0 0 
0 0 0 1 1 1 1 0 
0 0 0 0 1 1 1 1 
1 0 1 1 1 1 1 1 
1 1 1 0 0 1 1 1 
1 1 0 0 1 0 1 1 
1 1 0 1 1 1 0 1 

31
1 1 1 1 1 0 0 0 
0 1 1 1 1 1 0 0 
0 0 1 1 1 1 1 0 
0 0 0 1 1 1 1 1 
1 0 1 1 0 1 1 1 
1 1 1 0 0 0 1 1 
1 1 0 0 1 0 0 1 
1 1 0 1 1 1 0 0 

32
0 0 0 0 0 1 0 0 
0 0 0 0 0 0 1 0 
0 0 0 0 0 0 0 1 
1 0 1 1 1 0 0 0 
0 1 0 1 1 1 0 0 
0 0 1 0 1 1 1 0 
0 0 0 1 0 1 1 1 
1 0 1 1 0 0 1 1 

33
1 0 0 0 0 1 0 0 
0 1 0 0 0 0 1 0 
0 0 1 0 0 0 0 1 
1 0 1 0 1 0 0 0 
0 1 0 1 0 1 0 0 
0 0 1 0 1 0 1 0 
0 0 0 1 0 1 0 1 
1 0 1 1 0 0 1 0 

34
0 1 0 0 0 1 0 0 
0 0 1 0 0 0 1 0 
0 0 0 1 0 0 0 1 
1 0 1 1 0 0 0 0 
0 1 0 1 1 0 0 0 
0 0 1 0 1 1 0 0 
0 0 0 1 0 1 1 0 
0 0 0 0 1 0 1 1 

35
1 1 0 0 0 1 0 0 
0 1 1 0 0 0 1 0 
0 0 1 1 0 0 0 1 
1 0 1 0 0 0 0 0 
0 1 0 1 0 0 0 0 
0 0 1 0 1 0 0 0 
0 0 0 1 0 1 0 0 
0 0 0 0 1 0 1 0 

36
0 0 1 0 0 1 0 0 
0 0 0 1 0 0 1 0 
0 0 0 0 1 0 0 1 
1 0 1 1 1 1 0 0 
0 1 0 1 1 1 1 0 
0 0 1 0 1 1 1 1 
1 0 1 0 1 1 1 1 
1 1 1 0 1 1 1 1 

37
1 0 1 0 0 1 0 0 
0 1 0 1 0 0 1 0 
0 0 1 0 1 0 0 1 
1 0 1 0 1 1 0 0 
0 1 0 1 0 1 1 0 
0 0 1 0 1 0 1 1 
1 0 1 0 1 1 0 1 
1 1 1 0 1 1 1 0 

38
0 1 1 0 0 1 0 0 
0 0 1 1 0 0 1 0 
0 0 0 1 1 0 0 1 
1 0 1 1 0 1 0 0 
0 1 0 1 1 0 1 0 
0 0 1 0 1 1 0 1 
1 0 1 0 1 1 1 0 
0 1 0 1 0 1 1 1 

39
1 1 1 0 0 1 0 0 
0 1 1 1 0 0 1 0 
0 0 1 1 1 0 0 1 
1 0 1 0 0 1 0 0 
0 1 0 1 0 0 1 0 
0 0 1 0 1 0 0 1 
1 0 1 0 1 1 0 0 
0 1 0 1 0 1 1 0 

40
0 0 0 1 0 1 0 0 
0 0 0 0 1 0 1 0 
0 0 0 0 0 1 0 1 
1 0 1 1 1 0 1 0 
0 1 0 1 1 1 0 1 
1 0 0 1 0 1 1 0 
0 1 0 0 1 0 1 1 
1 0 0 1 1 1 0 1 

41
1 0 0 1 0 1 0 0 
0 1 0 0 1 0 1 0 
0 0 1 0 0 1 0 1 
1 0 1 0 1 0 1 0 
0 1 0 1 0 1 0 1 
1 0 0 1 0 0 1 0 
0 1 0 0 1 0 0 1 
1 0 0 1 1 1 0 0 

42
0 1 0 1 0 1 0 0 
0 0 1 0 1 0 1 0 
0 0 0 1 0 1 0 1 
1 0 1 1 0 0 1 0 
0 1 0 1 1 0 0 1 
1 0 0 1 0 1 0 0 
0 1 0 0 1 0 1 0 
0 0 1 0 0 1 0 1 

43
1 1 0 1 0 1 0 0 
0 1 1 0 1 0 1 0 
0 0 1 1 0 1 0 1 
1 0 1 0 0 0 1 0 
0 1 0 1 0 0 0 1 
1 0 0 1 0 0 0 0 
0 1 0 0 1 0 0 0 
0 0 1 0 0 1 0 0 

44
0 0 1 1 0 1 0 0 
0 0 0 1 1 0 1 0 
0 0 0 0 1 1 0 1 
1 0 1 1 1 1 1 0 
0 1 0 1 1 1 1 1 
1 0 0 1 0 1 1 1 
1 1 1 1 0 0 1 1 
1 1 0 0 0 0 0 1 

45
1 0 1 1 0 1 0 0 
0 1 0 1 1 0 1 0 
0 0 1 0 1 1 0 1 
1 0 1 0 1 1 1 0 
0 1 0 1 0 1 1 1 
1 0 0 1 0 0 1 1 
1 1 1 1 0 0 0 1 
1 1 0 0 0 0 0 0 

46
0 1 1 1 0 1 0 0 
0 0 1 1 1 0 1 0 
0 0 0 1 1 1 0 1 
1 0 1 1 0 1 1 0 
0 1 0 1 1 0 1 1 
1 0 0 1 0 1 0 1 
1 1 1 1 0 0 1 0 
0 1 1 1 1 0 0 1 

47
1 1 1 1 0 1 0 0 
0 1 1 1 1 0 1 0 
0 0 1 1 1 1 0 1 
1 0 1 0 0 1 1 0 
0 1 0 1 0 0 1 1 
1 0 0 1 0 0 0 1 
1 1 1 1 0 0 0 0 
0 1 1 1 1 0 0 0 

48
0 0 0 0 1 1 0 0 
0 0 0 0 0 1 1 0 
0 0 0 0 0 0 1 1 
1 0 1 1 1 0 0 1 
1 1 1 0 0 1 0 0 
0 1 1 1 0 0 1 0 
0 0 1 1 1 0 0 1 
1 0 1 0 0 1 0 0 

49
1 0 0 0 1 1 0 0 
0 1 0 0 0 1 1 0 
0 0 1 0 0 0 1 1 
1 0 1 0 1 0 0 1 
1 1 1 0 1 1 0 0 
0 1 1 1 0 1 1 0 
0 0 1 1 1 0 1 1 
1 0 1 0 0 1 0 1 

50
0 1 0 0 1 1 0 0 
0 0 1 0 0 1 1 0 
0 0 0 1 0 0 1 1 
1 0 1 1 0 0 0 1 
1 1 1 0 0 0 0 0 
0 1 1 1 0 0 0 0 
0 0 1 1 1 0 0 0 
0 0 0 1 1 1 0 0 

51
1 1 0 0 1 1 0 0 
0 1 1 0 0 1 1 0 
0 0 1 1 0 0 1 1 
1 0 1 0 0 0 0 1 
1 1 1 0 1 0 0 0 
0 1 1 1 0 1 0 0 
0 0 1 1 1 0 1 0 
0 0 0 1 1 1 0 1 

52
0 0 1 0 1 1 0 0 
0 0 0 1 0 1 1 0 
0 0 0 0 1 0 1 1 
1 0 1 1 1 1 0 1 
1 1 1 0 0 1 1 0 
0 1 1 1 0 0 1 1 
1 0 0 0 0 0 0 1 
1 1 1 1 1 0 0 0 

53
1 0 1 0 1 1 0 0 
0 1 0 1 0 1 1 0 
0 0 1 0 1 0 1 1 
1 0 1 0 1 1 0 1 
1 1 1 0 1 1 1 0 
0 1 1 1 0 1 1 1 
1 0 0 0 0 0 1 1 
1 1 1 1 1 0 0 1 

54
0 1 1 0 1 1 0 0 
0 0 1 1 0 1 1 0 
0 0 0 1 1 0 1 1 
1 0 1 1 0 1 0 1 
1 1 1 0 0 0 1 0 
0 1 1 1 0 0 0 1 
1 0 0 0 0 0 0 0 
0 1 0 0 0 0 0 0 

55
1 1 1 0 1 1 0 0 
0 1 1 1 0 1 1 0 
0 0 1 1 1 0 1 1 
1 0 1 0 0 1 0 1 
1 1 1 0 1 0 1 0 
0 1 1 1 0 1 0 1 
1 0 0 0 0 0 1 0 
0 1 0 0 0 0 0 1 

56
0 0 0 1 1 1 0 0 
0 0 0 0 1 1 1 0 
0 0 0 0 0 1 1 1 
1 0 1 1 1 0 1 1 
1 1 1 0 0 1 0 1 
1 1 0 0 1 0 1 0 
0 1 1 0 0 1 0 1 
1 0 0 0 1 0 1 0 

57
1 0 0 1 1 1 0 0 
0 1 0 0 1 1 1 0 
0 0 1 0 0 1 1 1 
1 0 1 0 1 0 1 1 
1 1 1 0 1 1 0 1 
1 1 0 0 1 1 1 0 
0 1 1 0 0 1 1 1 
1 0 0 0 1 0 1 1 

58
0 1 0 1 1 1 0 0 
0 0 1 0 1 1 1 0 
0 0 0 1 0 1 1 1 
1 0 1 1 0 0 1 1 
1 1 1 0 0 0 0 1 
1 1 0 0 1 0 0 0 
0 1 1 0 0 1 0 0 
0 0 1 1 0 0 1 0 

59
1 1 0 1 1 1 0 0 
0 1 1 0 1 1 1 0 
0 0 1 1 0 1 1 1 
1 0 1 0 0 0 1 1 
1 1 1 0 1 0 0 1 
1 1 0 0 1 1 0 0 
0 1 1 0 0 1 1 0 
0 0 1 1 0 0 1 1 

60
0 0 1 1 1 1 0 0 
0 0 0 1 1 1 1 0 
0 0 0 0 1 1 1 1 
1 0 1 1 1 1 1 1 
1 1 1 0 0 1 1 1 
1 1 0 0 1 0 1 1 
1 1 0 1 1 1 0 1 
1 1 0 1 0 1 1 0 

61
1 0 1 1 1 1 0 0 
0 1 0 1 1 1 1 0 
0 0 1 0 1 1 1 1 
1 0 1 0 1 1 1 1 
1 1 1 0 1 1 1 1 
1 1 0 0 1 1 1 1 
1 1 0 1 1 1 1 1 
1 1 0 1 0 1 1 1 

62
0 1 1 1 1 1 0 0 
0 0 1 1 1 1 1 0 
0 0 0 1 1 1 1 1 
1 0 1 1 0 1 1 1 
1 1 1 0 0 0 1 1 
1 1 0 0 1 0 0 1 
1 1 0 1 1 1 0 0 
0 1 1 0 1 1 1 0 

63
1 1 1 1 1 1 0 0 
0 1 1 1 1 1 1 0 
0 0 1 1 1 1 1 1 
1 0 1 0 0 1 1 1 
1 1 1 0 1 0 1 1 
1 1 0 0 1 1 0 1 
1 1 0 1 1 1 1 0 
0 1 1 0 1 1 1 1 

64
0 0 0 0 0 0 1 0 
0 0 0 0 0 0 0 1 
1 0 1 1 1 0 0 0 
0 1 0 1 1 1 0 0 
0 0 1 0 1 1 1 0 
0 0 0 1 0 1 1 1 
1 0 1 1 0 0 1 1 
1 1 1 0 0 0 0 1 

65
1 0 0 0 0 0 1 0 
0 1 0 0 0 0 0 1 
1 0 0 1 1 0 0 0 
0 1 0 0 1 1 0 0 
0 0 1 0 0 1 1 0 
0 0 0 1 0 0 1 1 
1 0 1 1 0 0 0 1 
1 1 1 0 0 0 0 0 

66
0 1 0 0 0 0 1 0 
0 0 1 0 0 0 0 1 
1 0 1 0 1 0 0 0 
0 1 0 1 0 1 0 0 
0 0 1 0 1 0 1 0 
0 0 0 1 0 1 0 1 
1 0 1 1 0 0 1 0 
0 1 0 1 1 0 0 1 

67
1 1 0 0 0 0 1 0 
0 1 1 0 0 0 0 1 
1 0 0 0 1 0 0 0 
0 1 0 0 0 1 0 0 
0 0 1 0 0 0 1 0 
0 0 0 1 0 0 0 1 
1 0 1 1 0 0 0 0 
0 1 0 1 1 0 0 0 

68
0 0 1 0 0 0 1 0 
0 0 0 1 0 0 0 1 
1 0 1 1 0 0 0 0 
0 1 0 1 1 0 0 0 
0 0 1 0 1 1 0 0 
0 0 0 1 0 1 1 0 
0 0 0 0 1 0 1 1 
1 0 1 1 1 1 0 1 

69
1 0 1 0 0 0 1 0 
0 1 0 1 0 0 0 1 
1 0 0 1 0 0 0 0 
0 1 0 0 1 0 0 0 
0 0 1 0 0 1 0 0 
0 0 0 1 0 0 1 0 
0 0 0 0 1 0 0 1 
1 0 1 1 1 1 0 0 

70
0 1 1 0 0 0 1 0 
0 0 1 1 0 0 0 1 
1 0 1 0 0 0 0 0 
0 1 0 1 0 0 0 0 
0 0 1 0 1 0 0 0 
0 0 0 1 0 1 0 0 
0 0 0 0 1 0 1 0 
0 0 0 0 0 1 0 1 

71
1 1 1 0 0 0 1 0 
0 1 1 1 0 0 0 1 
1 0 0 0 0 0 0 0 
0 1 0 0 0 0 0 0 
0 0 1 0 0 0 0 0 
0 0 0 1 0 0 0 0 
0 0 0 0 1 0 0 0 
0 0 0 0 0 1 0 0 

72
0 0 0 1 0 0 1 0 
0 0 0 0 1 0 0 1 
1 0 1 1 1 1 0 0 
0 1 0 1 1 1 1 0 
0 0 1 0 1 1 1 1 
1 0 1 0 1 1 1 1 
1 1 1 0 1 1 1 1 
1 1 0 0 1 1 1 1 

73
1 0 0 1 0 0 1 0 
0 1 0 0 1 0 0 1 
1 0 0 1 1 1 0 0 
0 1 0 0 1 1 1 0 
0 0 1 0 0 1 1 1 
1 0 1 0 1 0 1 1 
1 1 1 0 1 1 0 1 
1 1 0 0 1 1 1 0 

74
0 1 0 1 0 0 1 0 
0 0 1 0 1 0 0 1 
1 0 1 0 1 1 0 0 
0 1 0 1 0 1 1 0 
0 0 1 0 1 0 1 1 
1 0 1 0 1 1 0 1 
1 1 1 0 1 1 1 0 
0 1 1 1 0 1 1 1 

75
1 1 0 1 0 0 1 0 
0 1 1 0 1 0 0 1 
1 0 0 0 1 1 0 0 
0 1 0 0 0 1 1 0 
0 0 1 0 0 0 1 1 
1 0 1 0 1 0 0 1 
1 1 1 0 1 1 0 0 
0 1 1 1 0 1 1 0 

76
0 0 1 1 0 0 1 0 
0 0 0 1 1 0 0 1 
1 0 1 1 0 1 0 0 
0 1 0 1 1 0 1 0 
0 0 1 0 1 1 0 1 
1 0 1 0 1 1 1 0 
0 1 0 1 0 1 1 1 
1 0 0 1 0 0 1 1 

77
1 0 1 1 0 0 1 0 
0 1 0 1 1 0 0 1 
1 0 0 1 0 1 0 0 
0 1 0 0 1 0 1 0 
0 0 1 0 0 1 0 1 
1 0 1 0 1 0 1 0 
0 1 0 1 0 1 0 1 
1 0 0 1 0 0 1 0 

78
0 1 1 1 0 0 1 0 
0 0 1 1 1 0 0 1 
1 0 1 0 0 1 0 0 
0 1 0 1 0 0 1 0 
0 0 1 0 1 0 0 1 
1 0 1 0 1 1 0 0 
0 1 0 1 0 1 1 0 
0 0 1 0 1 0 1 1 

79
1 1 1 1 0 0 1 0 
0 1 1 1 1 0 0 1 
1 0 0 0 0 1 0 0 
0 1 0 0 0 0 1 0 
0 0 1 0 0 0 0 1 
1 0 1 0 1 0 0 0 
0 1 0 1 0 1 0 0 
0 0 1 0 1 0 1 0 

80
0 0 0 0 1 0 1 0 
0 0 0 0 0 1 0 1 
1 0 1 1 1 0 1 0 
0 1 0 1 1 1 0 1 
1 0 0 1 0 1 1 0 
0 1 0 0 1 0 1 1 
1 0 0 1 1 1 0 1 
1 1 1 1 0 1 1 0 

81
1 0 0 0 1 0 1 0 
0 1 0 0 0 1 0 1 
1 0 0 1 1 0 1 0 
0 1 0 0 1 1 0 1 
1 0 0 1 1 1 1 0 
0 1 0 0 1 1 1 1 
1 0 0 1 1 1 1 1 
1 1 1 1 0 1 1 1 

82
0 1 0 0 1 0 1 0 
0 0 1 0 0 1 0 1 
1 0 1 0 1 0 1 0 
0 1 0 1 0 1 0 1 
1 0 0 1 0 0 1 0 
0 1 0 0 1 0 0 1 
1 0 0 1 1 1 0 0 
0 1 0 0 1 1 1 0 

83
1 1 0 0 1 0 1 0 
0 1 1 0 0 1 0 1 
1 0 0 0 1 0 1 0 
0 1 0 0 0 1 0 1 
1 0 0 1 1 0 1 0 
0 1 0 0 1 1 0 1 
1 0 0 1 1 1 1 0 
0 1 0 0 1 1 1 1 

84
0 0 1 0 1 0 1 0 
0 0 0 1 0 1 0 1 
1 0 1 1 0 0 1 0 
0 1 0 1 1 0 0 1 
1 0 0 1 0 1 0 0 
0 1 0 0 1 0 1 0 
0 0 1 0 0 1 0 1 
1 0 1 0 1 0 1 0 

85
1 0 1 0 1 0 1 0 
0 1 0 1 0 1 0 1 
1 0 0 1 0 0 1 0 
0 1 0 0 1 0 0 1 
1 0 0 1 1 1 0 0 
0 1 0 0 1 1 1 0 
0 0 1 0 0 1 1 1 
1 0 1 0 1 0 1 1 

86
0 1 1 0 1 0 1 0 
0 0 1 1 0 1 0 1 
1 0 1 0 0 0 1 0 
0 1 0 1 0 0 0 1 
1 0 0 1 0 0 0 0 
0 1 0 0 1 0 0 0 
0 0 1 0 0 1 0 0 
0 0 0 1 0 0 1 0 

87
1 1 1 0 1 0 1 0 
0 1 1 1 0 1 0 1 
1 0 0 0 0 0 1 0 
0 1 0 0 0 0 0 1 
1 0 0 1 1 0 0 0 
0 1 0 0 1 1 0 0 
0 0 1 0 0 1 1 0 
0 0 0 1 0 0 1 1 

88
0 0 0 1 1 0 1 0 
0 0 0 0 1 1 0 1 
1 0 1 1 1 1 1 0 
0 1 0 1 1 1 1 1 
1 0 0 1 0 1 1 1 
1 1 1 1 0 0 1 1 
1 1 0 0 0 0 0 1 
1 1 0 1 1 0 0 0 

89
1 0 0 1 1 0 1 0 
0 1 0 0 1 1 0 1 
1 0 0 1 1 1 1 0 
0 1 0 0 1 1 1 1 
1 0 0 1 1 1 1 1 
1 1 1 1 0 1 1 1 
1 1 0 0 0 0 1 1 
1 1 0 1 1 0 0 1 

90
0 1 0 1 1 0 1 0 
0 0 1 0 1 1 0 1 
1 0 1 0 1 1 1 0 
0 1 0 1 0 1 1 1 
1 0 0 1 0 0 1 1 
1 1 1 1 0 0 0 1 
1 1 0 0 0 0 0 0 
0 1 1 0 0 0 0 0 

91
1 1 0 1 1 0 1 0 
0 1 1 0 1 1 0 1 
1 0 0 0 1 1 1 0 
0 1 0 0 0 1 1 1 
1 0 0 1 1 0 1 1 
1 1 1 1 0 1 0 1 
1 1 0 0 0 0 1 0 
0 1 1 0 0 0 0 1 

92
0 0 1 1 1 0 1 0 
0 0 0 1 1 1 0 1 
1 0 1 1 0 1 1 0 
0 1 0 1 1 0 1 1 
1 0 0 1 0 1 0 1 
1 1 1 1 0 0 1 0 
0 1 1 1 1 0 0 1 
1 0 0 0 0 1 0 0 

93
1 0 1 1 1 0 1 0 
0 1 0 1 1 1 0 1 
1 0 0 1 0 1 1 0 
0 1 0 0 1 0 1 1 
1 0 0 1 1 1 0 1 
1 1 1 1 0 1 1 0 
0 1 1 1 1 0 1 1 
1 0 0 0 0 1 0 1 

94
0 1 1 1 1 0 1 0 
0 0 1 1 1 1 0 1 
1 0 1 0 0 1 1 0 
0 1 0 1 0 0 1 1 
1 0 0 1 0 0 0 1 
1 1 1 1 0 0 0 0 
0 1 1 1 1 0 0 0 
0 0 1 1 1 1 0 0 

95
1 1 1 1 1 0 1 0 
0 1 1 1 1 1 0 1 
1 0 0 0 0 1 1 0 
0 1 0 0 0 0 1 1 
1 0 0 1 1 0 0 1 
1 1 1 1 0 1 0 0 
0 1 1 1 1 0 1 0 
0 0 1 1 1 1 0 1 

96
0 0 0 0 0 1 1 0 
0 0 0 0 0 0 1 1 
1 0 1 1 1 0 0 1 
1 1 1 0 0 1 0 0 
0 1 1 1 0 0 1 0 
0 0 1 1 1 0 0 1 
1 0 1 0 0 1 0 0 
0 1 0 1 0 0 1 0 

97
1 0 0 0 0 1 1 0 
0 1 0 0 0 0 1 1 
1 0 0 1 1 0 0 1 
1 1 1 1 0 1 0 0 
0 1 1 1 1 0 1 0 
0 0 1 1 1 1 0 1 
1 0 1 0 0 1 1 0 
0 1 0 1 0 0 1 1 

98
0 1 0 0 0 1 1 0 
0 0 1 0 0 0 1 1 
1 0 1 0 1 0 0 1 
1 1 1 0 1 1 0 0 
0 1 1 1 0 1 1 0 
0 0 1 1 1 0 1 1 
1 0 1 0 0 1 0 1 
1 1 1 0 1 0 1 0 

99
1 1 0 0 0 1 1 0 
0 1 1 0 0 0 1 1 
1 0 0 0 1 0 0 1 
1 1 1 1 1 1 0 0 
0 1 1 1 1 1 1 0 
0 0 1 1 1 1 1 1 
1 0 1 0 0 1 1 1 
1 1 1 0 1 0 1 1 

100
0 0 1 0 0 1 1 0 
0 0 0 1 0 0 1 1 
1 0 1 1 0 0 0 1 
1 1 1 0 0 0 0 0 
0 1 1 1 0 0 0 0 
0 0 1 1 1 0 0 0 
0 0 0 1 1 1 0 0 
0 0 0 0 1 1 1 0 

101
1 0 1 0 0 1 1 0 
0 1 0 1 0 0 1 1 
1 0 0 1 0 0 0 1 
1 1 1 1 0 0 0 0 
0 1 1 1 1 0 0 0 
0 0 1 1 1 1 0 0 
0 0 0 1 1 1 1 0 
0 0 0 0 1 1 1 1 

102
0 1 1 0 0 1 1 0 
0 0 1 1 0 0 1 1 
1 0 1 0 0 0 0 1 
1 1 1 0 1 0 0 0 
0 1 1 1 0 1 0 0 
0 0 1 1 1 0 1 0 
0 0 0 1 1 1 0 1 
1 0 1 1 0 1 1 0 

103
1 1 1 0 0 1 1 0 
0 1 1 1 0 0 1 1 
1 0 0 0 0 0 0 1 
1 1 1 1 1 0 0 0 
0 1 1 1 1 1 0 0 
0 0 1 1 1 1 1 0 
0 0 0 1 1 1 1 1 
1 0 1 1 0 1 1 1 

104
0 0 0 1 0 1 1 0 
0 0 0 0 1 0 1 1 
1 0 1 1 1 1 0 1 
1 1 1 0 0 1 1 0 
0 1 1 1 0 0 1 1 
1 0 0 0 0 0 0 1 
1 1 1 1 1 0 0 0 
0 1 1 1 1 1 0 0 

105
1 0 0 1 0 1 1 0 
0 1 0 0 1 0 1 1 
1 0 0 1 1 1 0 1 
1 1 1 1 0 1 1 0 
0 1 1 1 1 0 1 1 
1 0 0 0 0 1 0 1 
1 1 1 1 1 0 1 0 
0 1 1 1 1 1 0 1 

106
0 1 0 1 0 1 1 0 
0 0 1 0 1 0 1 1 
1 0 1 0 1 1 0 1 
1 1 1 0 1 1 1 0 
0 1 1 1 0 1 1 1 
1 0 0 0 0 0 1 1 
1 1 1 1 1 0 0 1 
1 1 0 0 0 1 0 0 

107
1 1 0 1 0 1 1 0 
0 1 1 0 1 0 1 1 
1 0 0 0 1 1 0 1 
1 1 1 1 1 1 1 0 
0 1 1 1 1 1 1 1 
1 0 0 0 0 1 1 1 
1 1 1 1 1 0 1 1 
1 1 0 0 0 1 0 1 

108
0 0 1 1 0 1 1 0 
0 0 0 1 1 0 1 1 
1 0 1 1 0 1 0 1 
1 1 1 0 0 0 1 0 
0 1 1 1 0 0 0 1 
1 0 0 0 0 0 0 0 
0 1 0 0 0 0 0 0 
0 0 1 0 0 0 0 0 

109
1 0 1 1 0 1 1 0 
0 1 0 1 1 0 1 1 
1 0 0 1 0 1 0 1 
1 1 1 1 0 0 1 0 
0 1 1 1 1 0 0 1 
1 0 0 0 0 1 0 0 
0 1 0 0 0 0 1 0 
0 0 1 0 0 0 0 1 

110
0 1 1 1 0 1 1 0 
0 0 1 1 1 0 1 1 
1 0 1 0 0 1 0 1 
1 1 1 0 1 0 1 0 
0 1 1 1 0 1 0 1 
1 0 0 0 0 0 1 0 
0 1 0 0 0 0 0 1 
1 0 0 1 1 0 0 0 

111
1 1 1 1 0 1 1 0 
0 1 1 1 1 0 1 1 
1 0 0 0 0 1 0 1 
1 1 1 1 1 0 1 0 
0 1 1 1 1 1 0 1 
1 0 0 0 0 1 1 0 
0 1 0 0 0 0 1 1 
1 0 0 1 1 0 0 1 

112
0 0 0 0 1 1 1 0 
0 0 0 0 0 1 1 1 
1 0 1 1 1 0 1 1 
1 1 1 0 0 1 0 1 
1 1 0 0 1 0 1 0 
0 1 1 0 0 1 0 1 
1 0 0 0 1 0 1 0 
0 1 0 0 0 1 0 1 

113
1 0 0 0 1 1 1 0 
0 1 0 0 0 1 1 1 
1 0 0 1 1 0 1 1 
1 1 1 1 0 1 0 1 
1 1 0 0 0 0 1 0 
0 1 1 0 0 0 0 1 
1 0 0 0 1 0 0 0 
0 1 0 0 0 1 0 0 

114
0 1 0 0 1 1 1 0 
0 0 1 0 0 1 1 1 
1 0 1 0 1 0 1 1 
1 1 1 0 1 1 0 1 
1 1 0 0 1 1 1 0 
0 1 1 0 0 1 1 1 
1 0 0 0 1 0 1 1 
1 1 1 1 1 1 0 1 

115
1 1 0 0 1 1 1 0 
0 1 1 0 0 1 1 1 
1 0 0 0 1 0 1 1 
1 1 1 1 1 1 0 1 
1 1 0 0 0 1 1 0 
0 1 1 0 0 0 1 1 
1 0 0 0 1 0 0 1 
1 1 1 1 1 1 0 0 

116
0 0 1 0 1 1 1 0 
0 0 0 1 0 1 1 1 
1 0 1 1 0 0 1 1 
1 1 1 0 0 0 0 1 
1 1 0 0 1 0 0 0 
0 1 1 0 0 1 0 0 
0 0 1 1 0 0 1 0 
0 0 0 1 1 0 0 1 

117
1 0 1 0 1 1 1 0 
0 1 0 1 0 1 1 1 
1 0 0 1 0 0 1 1 
1 1 1 1 0 0 0 1 
1 1 0 0 0 0 0 0 
0 1 1 0 0 0 0 0 
0 0 1 1 0 0 0 0 
0 0 0 1 1 0 0 0 

118
0 1 1 0 1 1 1 0 
0 0 1 1 0 1 1 1 
1 0 1 0 0 0 1 1 
1 1 1 0 1 0 0 1 
1 1 0 0 1 1 0 0 
0 1 1 0 0 1 1 0 
0 0 1 1 0 0 1 1 
1 0 1 0 0 0 0 1 

119
1 1 1 0 1 1 1 0 
0 1 1 1 0 1 1 1 
1 0 0 0 0 0 1 1 
1 1 1 1 1 0 0 1 
1 1 0 0 0 1 0 0 
0 1 1 0 0 0 1 0 
0 0 1 1 0 0 0 1 
1 0 1 0 0 0 0 0 

120
0 0 0 1 1 1 1 0 
0 0 0 0 1 1 1 1 
1 0 1 1 1 1 1 1 
1 1 1 0 0 1 1 1 
1 1 0 0 1 0 1 1 
1 1 0 1 1 1 0 1 
1 1 0 1 0 1 1 0 
0 1 1 0 1 0 1 1 

121
1 0 0 1 1 1 1 0 
0 1 0 0 1 1 1 1 
1 0 0 1 1 1 1 1 
1 1 1 1 0 1 1 1 
1 1 0 0 0 0 1 1 
1 1 0 1 1 0 0 1 
1 1 0 1 0 1 0 0 
0 1 1 0 1 0 1 0 

122
0 1 0 1 1 1 1 0 
0 0 1 0 1 1 1 1 
1 0 1 0 1 1 1 1 
1 1 1 0 1 1 1 1 
1 1 0 0 1 1 1 1 
1 1 0 1 1 1 1 1 
1 1 0 1 0 1 1 1 
1 1 0 1 0 0 1 1 

123
1 1 0 1 1 1 1 0 
0 1 1 0 1 1 1 1 
1 0 0 0 1 1 1 1 
1 1 1 1 1 1 1 1 
1 1 0 0 0 1 1 1 
1 1 0 1 1 0 1 1 
1 1 0 1 0 1 0 1 
1 1 0 1 0 0 1 0 

124
0 0 1 1 1 1 1 0 
0 0 0 1 1 1 1 1 
1 0 1 1 0 1 1 1 
1 1 1 0 0 0 1 1 
1 1 0 0 1 0 0 1 
1 1 0 1 1 1 0 0 
0 1 1 0 1 1 1 0 
0 0 1 1 0 1 1 1 

125
1 0 1 1 1 1 1 0 
0 1 0 1 1 1 1 1 
1 0 0 1 0 1 1 1 
1 1 1 1 0 0 1 1 
1 1 0 0 0 0 0 1 
1 1 0 1 1 0 0 0 
0 1 1 0 1 1 0 0 
0 0 1 1 0 1 1 0 

126
0 1 1 1 1 1 1 0 
0 0 1 1 1 1 1 1 
1 0 1 0 0 1 1 1 
1 1 1 0 1 0 1 1 
1 1 0 0 1 1 0 1 
1 1 0 1 1 1 1 0 
0 1 1 0 1 1 1 1 
1 0 0 0 1 1 1 1 

127
1 1 1 1 1 1 1 0 
0 1 1 1 1 1 1 1 
1 0 0 0 0 1 1 1 
1 1 1 1 1 0 1 1 
1 1 0 0 0 1 0 1 
1 1 0 1 1 0 1 0 
0 1 1 0 1 1 0 1 
1 0 0 0 1 1 1 0 

128
0 0 0 0 0 0 0 1 
1 0 1 1 1 0 0 0 
0 1 0 1 1 1 0 0 
0 0 1 0 1 1 1 0 
0 0 0 1 0 1 1 1 
1 0 1 1 0 0 1 1 
1 1 1 0 0 0 0 1 
1 1 0 0 1 0 0 0 

129
1 0 0 0 0 0 0 1 
1 1 1 1 1 0 0 0 
0 1 1 1 1 1 0 0 
0 0 1 1 1 1 1 0 
0 0 0 1 1 1 1 1 
1 0 1 1 0 1 1 1 
1 1 1 0 0 0 1 1 
1 1 0 0 1 0 0 1 

130
0 1 0 0 0 0 0 1 
1 0 0 1 1 0 0 0 
0 1 0 0 1 1 0 0 
0 0 1 0 0 1 1 0 
0 0 0 1 0 0 1 1 
1 0 1 1 0 0 0 1 
1 1 1 0 0 0 0 0 
0 1 1 1 0 0 0 0 

131
1 1 0 0 0 0 0 1 
1 1 0 1 1 0 0 0 
0 1 1 0 1 1 0 0 
0 0 1 1 0 1 1 0 
0 0 0 1 1 0 1 1 
1 0 1 1 0 1 0 1 
1 1 1 0 0 0 1 0 
0 1 1 1 0 0 0 1 

132
0 0 1 0 0 0 0 1 
1 0 1 0 1 0 0 0 
0 1 0 1 0 1 0 0 
0 0 1 0 1 0 1 0 
0 0 0 1 0 1 0 1 
1 0 1 1 0 0 1 0 
0 1 0 1 1 0 0 1 
1 0 0 1 0 1 0 0 

133
1 0 1 0 0 0 0 1 
1 1 1 0 1 0 0 0 
0 1 1 1 0 1 0 0 
0 0 1 1 1 0 1 0 
0 0 0 1 1 1 0 1 
1 0 1 1 0 1 1 0 
0 1 0 1 1 0 1 1 
1 0 0 1 0 1 0 1 

134
0 1 1 0 0 0 0 1 
1 0 0 0 1 0 0 0 
0 1 0 0 0 1 0 0 
0 0 1 0 0 0 1 0 
0 0 0 1 0 0 0 1 
1 0 1 1 0 0 0 0 
0 1 0 1 1 0 0 0 
0 0 1 0 1 1 0 0 

135
1 1 1 0 0 0 0 1 
1 1 0 0 1 0 0 0 
0 1 1 0 0 1 0 0 
0 0 1 1 0 0 1 0 
0 0 0 1 1 0 0 1 
1 0 1 1 0 1 0 0 
0 1 0 1 1 0 1 0 
0 0 1 0 1 1 0 1 

136
0 0 0 1 0 0 0 1 
1 0 1 1 0 0 0 0 
0 1 0 1 1 0 0 0 
0 0 1 0 1 1 0 0 
0 0 0 1 0 1 1 0 
0 0 0 0 1 0 1 1 
1 0 1 1 1 1 0 1 
1 1 1 0 0 1 1 0 

137
1 0 0 1 0 0 0 1 
1 1 1 1 0 0 0 0 
0 1 1 1 1 0 0 0 
0 0 1 1 1 1 0 0 
0 0 0 1 1 1 1 0 
0 0 0 0 1 1 1 1 
1 0 1 1 1 1 1 1 
1 1 1 0 0 1 1 1 

138
0 1 0 1 0 0 0 1 
1 0 0 1 0 0 0 0 
0 1 0 0 1 0 0 0 
0 0 1 0 0 1 0 0 
0 0 0 1 0 0 1 0 
0 0 0 0 1 0 0 1 
1 0 1 1 1 1 0 0 
0 1 0 1 1 1 1 0 

139
1 1 0 1 0 0 0 1 
1 1 0 1 0 0 0 0 
0 1 1 0 1 0 0 0 
0 0 1 1 0 1 0 0 
0 0 0 1 1 0 1 0 
0 0 0 0 1 1 0 1 
1 0 1 1 1 1 1 0 
0 1 0 1 1 1 1 1 

140
0 0 1 1 0 0 0 1 
1 0 1 0 0 0 0 0 
0 1 0 1 0 0 0 0 
0 0 1 0 1 0 0 0 
0 0 0 1 0 1 0 0 
0 0 0 0 1 0 1 0 
0 0 0 0 0 1 0 1 
1 0 1 1 1 0 1 0 

141
1 0 1 1 0 0 0 1 
1 1 1 0 0 0 0 0 
0 1 1 1 0 0 0 0 
0 0 1 1 1 0 0 0 
0 0 0 1 1 1 0 0 
0 0 0 0 1 1 1 0 
0 0 0 0 0 1 1 1 
1 0 1 1 1 0 1 1 

142
0 1 1 1 0 0 0 1 
1 0 0 0 0 0 0 0 
0 1 0 0 0 0 0 0 
0 0 1 0 0 0 0 0 
0 0 0 1 0 0 0 0 
0 0 0 0 1 0 0 0 
0 0 0 0 0 1 0 0 
0 0 0 0 0 0 1 0 

143
1 1 1 1 0 0 0 1 
1 1 0 0 0 0 0 0 
0 1 1 0 0 0 0 0 
0 0 1 1 0 0 0 0 
0 0 0 1 1 0 0 0 
0 0 0 0 1 1 0 0 
0 0 0 0 0 1 1 0 
0 0 0 0 0 0 1 1 

144
0 0 0 0 1 0 0 1 
1 0 1 1 1 1 0 0 
0 1 0 1 1 1 1 0 
0 0 1 0 1 1 1 1 
1 0 1 0 1 1 1 1 
1 1 1 0 1 1 1 1 
1 1 0 0 1 1 1 1 
1 1 0 1 1 1 1 1 

145
1 0 0 0 1 0 0 1 
1 1 1 1 1 1 0 0 
0 1 1 1 1 1 1 0 
0 0 1 1 1 1 1 1 
1 0 1 0 0 1 1 1 
1 1 1 0 1 0 1 1 
1 1 0 0 1 1 0 1 
1 1 0 1 1 1 1 0 

146
0 1 0 0 1 0 0 1 
1 0 0 1 1 1 0 0 
0 1 0 0 1 1 1 0 
0 0 1 0 0 1 1 1 
1 0 1 0 1 0 1 1 
1 1 1 0 1 1 0 1 
1 1 0 0 1 1 1 0 
0 1 1 0 0 1 1 1 

147
1 1 0 0 1 0 0 1 
1 1 0 1 1 1 0 0 
0 1 1 0 1 1 1 0 
0 0 1 1 0 1 1 1 
1 0 1 0 0 0 1 1 
1 1 1 0 1 0 0 1 
1 1 0 0 1 1 0 0 
0 1 1 0 0 1 1 0 

148
0 0 1 0 1 0 0 1 
1 0 1 0 1 1 0 0 
0 1 0 1 0 1 1 0 
0 0 1 0 1 0 1 1 
1 0 1 0 1 1 0 1 
1 1 1 0 1 1 1 0 
0 1 1 1 0 1 1 1 
1 0 0 0 0 0 1 1 

149
1 0 1 0 1 0 0 1 
1 1 1 0 1 1 0 0 
0 1 1 1 0 1 1 0 
0 0 1 1 1 0 1 1 
1 0 1 0 0 1 0 1 
1 1 1 0 1 0 1 0 
0 1 1 1 0 1 0 1 
1 0 0 0 0 0 1 0 

150
0 1 1 0 1 0 0 1 
1 0 0 0 1 1 0 0 
0 1 0 0 0 1 1 0 
0 0 1 0 0 0 1 1 
1 0 1 0 1 0 0 1 
1 1 1 0 1 1 0 0 
0 1 1 1 0 1 1 0 
0 0 1 1 1 0 1 1 

151
1 1 1 0 1 0 0 1 
1 1 0 0 1 1 0 0 
0 1 1 0 0 1 1 0 
0 0 1 1 0 0 1 1 
1 0 1 0 0 0 0 1 
1 1 1 0 1 0 0 0 
0 1 1 1 0 1 0 0 
0 0 1 1 1 0 1 0 

152
0 0 0 1 1 0 0 1 
1 0 1 1 0 1 0 0 
0 1 0 1 1 0 1 0 
0 0 1 0 1 1 0 1 
1 0 1 0 1 1 1 0 
0 1 0 1 0 1 1 1 
1 0 0 1 0 0 1 1 
1 1 1 1 0 0 0 1 

153
1 0 0 1 1 0 0 1 
1 1 1 1 0 1 0 0 
0 1 1 1 1 0 1 0 
0 0 1 1 1 1 0 1 
1 0 1 0 0 1 1 0 
0 1 0 1 0 0 1 1 
1 0 0 1 0 0 0 1 
1 1 1 1 0 0 0 0 

154
0 1 0 1 1 0 0 1 
1 0 0 1 0 1 0 0 
0 1 0 0 1 0 1 0 
0 0 1 0 0 1 0 1 
1 0 1 0 1 0 1 0 
0 1 0 1 0 1 0 1 
1 0 0 1 0 0 1 0 
0 1 0 0 1 0 0 1 

155
1 1 0 1 1 0 0 1 
1 1 0 1 0 1 0 0 
0 1 1 0 1 0 1 0 
0 0 1 1 0 1 0 1 
1 0 1 0 0 0 1 0 
0 1 0 1 0 0 0 1 
1 0 0 1 0 0 0 0 
0 1 0 0 1 0 0 0 

156
0 0 1 1 1 0 0 1 
1 0 1 0 0 1 0 0 
0 1 0 1 0 0 1 0 
0 0 1 0 1 0 0 1 
1 0 1 0 1 1 0 0 
0 1 0 1 0 1 1 0 
0 0 1 0 1 0 1 1 
1 0 1 0 1 1 0 1 

157
1 0 1 1 1 0 0 1 
1 1 1 0 0 1 0 0 
0 1 1 1 0 0 1 0 
0 0 1 1 1 0 0 1 
1 0 1 0 0 1 0 0 
0 1 0 1 0 0 1 0 
0 0 1 0 1 0 0 1 
1 0 1 0 1 1 0 0 

158
0 1 1 1 1 0 0 1 
1 0 0 0 0 1 0 0 
0 1 0 0 0 0 1 0 
0 0 1 0 0 0 0 1 
1 0 1 0 1 0 0 0 
0 1 0 1 0 1 0 0 
0 0 1 0 1 0 1 0 
0 0 0 1 0 1 0 1 

159
1 1 1 1 1 0 0 1 
1 1 0 0 0 1 0 0 
0 1 1 0 0 0 1 0 
0 0 1 1 0 0 0 1 
1 0 1 0 0 0 0 0 
0 1 0 1 0 0 0 0 
0 0 1 0 1 0 0 0 
0 0 0 1 0 1 0 0 

160
0 0 0 0 0 1 0 1 
1 0 1 1 1 0 1 0 
0 1 0 1 1 1 0 1 
1 0 0 1 0 1 1 0 
0 1 0 0 1 0 1 1 
1 0 0 1 1 1 0 1 
1 1 1 1 0 1 1 0 
0 1 1 1 1 0 1 1 

161
1 0 0 0 0 1 0 1 
1 1 1 1 1 0 1 0 
0 1 1 1 1 1 0 1 
1 0 0 0 0 1 1 0 
0 1 0 0 0 0 1 1 
1 0 0 1 1 0 0 1 
1 1 1 1 0 1 0 0 
0 1 1 1 1 0 1 0 

162
0 1 0 0 0 1 0 1 
1 0 0 1 1 0 1 0 
0 1 0 0 1 1 0 1 
1 0 0 1 1 1 1 0 
0 1 0 0 1 1 1 1 
1 0 0 1 1 1 1 1 
1 1 1 1 0 1 1 1 
1 1 0 0 0 0 1 1 

163
1 1 0 0 0 1 0 1 
1 1 0 1 1 0 1 0 
0 1 1 0 1 1 0 1 
1 0 0 0 1 1 1 0 
0 1 0 0 0 1 1 1 
1 0 0 1 1 0 1 1 
1 1 1 1 0 1 0 1 
1 1 0 0 0 0 1 0 

164
0 0 1 0 0 1 0 1 
1 0 1 0 1 0 1 0 
0 1 0 1 0 1 0 1 
1 0 0 1 0 0 1 0 
0 1 0 0 1 0 0 1 
1 0 0 1 1 1 0 0 
0 1 0 0 1 1 1 0 
0 0 1 0 0 1 1 1 

165
1 0 1 0 0 1 0 1 
1 1 1 0 1 0 1 0 
0 1 1 1 0 1 0 1 
1 0 0 0 0 0 1 0 
0 1 0 0 0 0 0 1 
1 0 0 1 1 0 0 0 
0 1 0 0 1 1 0 0 
0 0 1 0 0 1 1 0 

166
0 1 1 0 0 1 0 1 
1 0 0 0 1 0 1 0 
0 1 0 0 0 1 0 1 
1 0 0 1 1 0 1 0 
0 1 0 0 1 1 0 1 
1 0 0 1 1 1 1 0 
0 1 0 0 1 1 1 1 
1 0 0 1 1 1 1 1 

167
1 1 1 0 0 1 0 1 
1 1 0 0 1 0 1 0 
0 1 1 0 0 1 0 1 
1 0 0 0 1 0 1 0 
0 1 0 0 0 1 0 1 
1 0 0 1 1 0 1 0 
0 1 0 0 1 1 0 1 
1 0 0 1 1 1 1 0 

168
0 0 0 1 0 1 0 1 
1 0 1 1 0 0 1 0 
0 1 0 1 1 0 0 1 
1 0 0 1 0 1 0 0 
0 1 0 0 1 0 1 0 
0 0 1 0 0 1 0 1 
1 0 1 0 1 0 1 0 
0 1 0 1 0 1 0 1 

169
1 0 0 1 0 1 0 1 
1 1 1 1 0 0 1 0 
0 1 1 1 1 0 0 1 
1 0 0 0 0 1 0 0 
0 1 0 0 0 0 1 0 
0 0 1 0 0 0 0 1 
1 0 1 0 1 0 0 0 
0 1 0 1 0 1 0 0 

170
0 1 0 1 0 1 0 1 
1 0 0 1 0 0 1 0 
0 1 0 0 1 0 0 1 
1 0 0 1 1 1 0 0 
0 1 0 0 1 1 1 0 
0 0 1 0 0 1 1 1 
1 0 1 0 1 0 1 1 
1 1 1 0 1 1 0 1 

171
1 1 0 1 0 1 0 1 
1 1 0 1 0 0 1 0 
0 1 1 0 1 0 0 1 
1 0 0 0 1 1 0 0 
0 1 0 0 0 1 1 0 
0 0 1 0 0 0 1 1 
1 0 1 0 1 0 0 1 
1 1 1 0 1 1 0 0 

172
0 0 1 1 0 1 0 1 
1 0 1 0 0 0 1 0 
0 1 0 1 0 0 0 1 
1 0 0 1 0 0 0 0 
0 1 0 0 1 0 0 0 
0 0 1 0 0 1 0 0 
0 0 0 1 0 0 1 0 
0 0 0 0 1 0 0 1 

173
1 0 1 1 0 1 0 1 
1 1 1 0 0 0 1 0 
0 1 1 1 0 0 0 1 
1 0 0 0 0 0 0 0 
0 1 0 0 0 0 0 0 
0 0 1 0 0 0 0 0 
0 0 0 1 0 0 0 0 
0 0 0 0 1 0 0 0 

174
0 1 1 1 0 1 0 1 
1 0 0 0 0 0 1 0 
0 1 0 0 0 0 0 1 
1 0 0 1 1 0 0 0 
0 1 0 0 1 1 0 0 
0 0 1 0 0 1 1 0 
0 0 0 1 0 0 1 1 
1 0 1 1 0 0 0 1 

175
1 1 1 1 0 1 0 1 
1 1 0 0 0 0 1 0 
0 1 1 0 0 0 0 1 
1 0 0 0 1 0 0 0 
0 1 0 0 0 1 0 0 
0 0 1 0 0 0 1 0 
0 0 0 1 0 0 0 1 
1 0 1 1 0 0 0 0 

176
0 0 0 0 1 1 0 1 
1 0 1 1 1 1 1 0 
0 1 0 1 1 1 1 1 
1 0 0 1 0 1 1 1 
1 1 1 1 0 0 1 1 
1 1 0 0 0 0 0 1 
1 1 0 1 1 0 0 0 
0 1 1 0 1 1 0 0 

177
1 0 0 0 1 1 0 1 
1 1 1 1 1 1 1 0 
0 1 1 1 1 1 1 1 
1 0 0 0 0 1 1 1 
1 1 1 1 1 0 1 1 
1 1 0 0 0 1 0 1 
1 1 0 1 1 0 1 0 
0 1 1 0 1 1 0 1 

178
0 1 0 0 1 1 0 1 
1 0 0 1 1 1 1 0 
0 1 0 0 1 1 1 1 
1 0 0 1 1 1 1 1 
1 1 1 1 0 1 1 1 
1 1 0 0 0 0 1 1 
1 1 0 1 1 0 0 1 
1 1 0 1 0 1 0 0 

179
1 1 0 0 1 1 0 1 
1 1 0 1 1 1 1 0 
0 1 1 0 1 1 1 1 
1 0 0 0 1 1 1 1 
1 1 1 1 1 1 1 1 
1 1 0 0 0 1 1 1 
1 1 0 1 1 0 1 1 
1 1 0 1 0 1 0 1 

180
0 0 1 0 1 1 0 1 
1 0 1 0 1 1 1 0 
0 1 0 1 0 1 1 1 
1 0 0 1 0 0 1 1 
1 1 1 1 0 0 0 1 
1 1 0 0 0 0 0 0 
0 1 1 0 0 0 0 0 
0 0 1 1 0 0 0 0 

181
1 0 1 0 1 1 0 1 
1 1 1 0 1 1 1 0 
0 1 1 1 0 1 1 1 
1 0 0 0 0 0 1 1 
1 1 1 1 1 0 0 1 
1 1 0 0 0 1 0 0 
0 1 1 0 0 0 1 0 
0 0 1 1 0 0 0 1 

182
0 1 1 0 1 1 0 1 
1 0 0 0 1 1 1 0 
0 1 0 0 0 1 1 1 
1 0 0 1 1 0 1 1 
1 1 1 1 0 1 0 1 
1 1 0 0 0 0 1 0 
0 1 1 0 0 0 0 1 
1 0 0 0 1 0 0 0 

183
1 1 1 0 1 1 0 1 
1 1 0 0 1 1 1 0 
0 1 1 0 0 1 1 1 
1 0 0 0 1 0 1 1 
1 1 1 1 1 1 0 1 
1 1 0 0 0 1 1 0 
0 1 1 0 0 0 1 1 
1 0 0 0 1 0 0 1 

184
0 0 0 1 1 1 0 1 
1 0 1 1 0 1 1 0 
0 1 0 1 1 0 1 1 
1 0 0 1 0 1 0 1 
1 1 1 1 0 0 1 0 
0 1 1 1 1 0 0 1 
1 0 0 0 0 1 0 0 
0 1 0 0 0 0 1 0 

185
1 0 0 1 1 1 0 1 
1 1 1 1 0 1 1 0 
0 1 1 1 1 0 1 1 
1 0 0 0 0 1 0 1 
1 1 1 1 1 0 1 0 
0 1 1 1 1 1 0 1 
1 0 0 0 0 1 1 0 
0 1 0 0 0 0 1 1 

186
0 1 0 1 1 1 0 1 
1 0 0 1 0 1 1 0 
0 1 0 0 1 0 1 1 
1 0 0 1 1 1 0 1 
1 1 1 1 0 1 1 0 
0 1 1 1 1 0 1 1 
1 0 0 0 0 1 0 1 
1 1 1 1 1 0 1 0 

187
1 1 0 1 1 1 0 1 
1 1 0 1 0 1 1 0 
0 1 1 0 1 0 1 1 
1 0 0 0 1 1 0 1 
1 1 1 1 1 1 1 0 
0 1 1 1 1 1 1 1 
1 0 0 0 0 1 1 1 
1 1 1 1 1 0 1 1 

188
0 0 1 1 1 1 0 1 
1 0 1 0 0 1 1 0 
0 1 0 1 0 0 1 1 
1 0 0 1 0 0 0 1 
1 1 1 1 0 0 0 0 
0 1 1 1 1 0 0 0 
0 0 1 1 1 1 0 0 
0 0 0 1 1 1 1 0 

189
1 0 1 1 1 1 0 1 
1 1 1 0 0 1 1 0 
0 1 1 1 0 0 1 1 
1 0 0 0 0 0 0 1 
1 1 1 1 1 0 0 0 
0 1 1 1 1 1 0 0 
0 0 1 1 1 1 1 0 
0 0 0 1 1 1 1 1 

190
0 1 1 1 1 1 0 1 
1 0 0 0 0 1 1 0 
0 1 0 0 0 0 1 1 
1 0 0 1 1 0 0 1 
1 1 1 1 0 1 0 0 
0 1 1 1 1 0 1 0 
0 0 1 1 1 1 0 1 
1 0 1 0 0 1 1 0 

191
1 1 1 1 1 1 0 1 
1 1 0 0 0 1 1 0 
0 1 1 0 0 0 1 1 
1 0 0 0 1 0 0 1 
1 1 1 1 1 1 0 0 
0 1 1 1 1 1 1 0 
0 0 1 1 1 1 1 1 
1 0 1 0 0 1 1 1 

192
0 0 0 0 0 0 1 1 
1 0 1 1 1 0 0 1 
1 1 1 0 0 1 0 0 
0 1 1 1 0 0 1 0 
0 0 1 1 1 0 0 1 
1 0 1 0 0 1 0 0 
0 1 0 1 0 0 1 0 
0 0 1 0 1 0 0 1 

193
1 0 0 0 0 0 1 1 
1 1 1 1 1 0 0 1 
1 1 0 0 0 1 0 0 
0 1 1 0 0 0 1 0 
0 0 1 1 0 0 0 1 
1 0 1 0 0 0 0 0 
0 1 0 1 0 0 0 0 
0 0 1 0 1 0 0 0 

194
0 1 0 0 0 0 1 1 
1 0 0 1 1 0 0 1 
1 1 1 1 0 1 0 0 
0 1 1 1 1 0 1 0 
0 0 1 1 1 1 0 1 
1 0 1 0 0 1 1 0 
0 1 0 1 0 0 1 1 
1 0 0 1 0 0 0 1 

195
1 1 0 0 0 0 1 1 
1 1 0 1 1 0 0 1 
1 1 0 1 0 1 0 0 
0 1 1 0 1 0 1 0 
0 0 1 1 0 1 0 1 
1 0 1 0 0 0 1 0 
0 1 0 1 0 0 0 1 
1 0 0 1 0 0 0 0 

196
0 0 1 0 0 0 1 1 
1 0 1 0 1 0 0 1 
1 1 1 0 1 1 0 0 
0 1 1 1 0 1 1 0 
0 0 1 1 1 0 1 1 
1 0 1 0 0 1 0 1 
1 1 1 0 1 0 1 0 
0 1 1 1 0 1 0 1 

197
1 0 1 0 0 0 1 1 
1 1 1 0 1 0 0 1 
1 1 0 0 1 1 0 0 
0 1 1 0 0 1 1 0 
0 0 1 1 0 0 1 1 
1 0 1 0 0 0 0 1 
1 1 1 0 1 0 0 0 
0 1 1 1 0 1 0 0 

198
0 1 1 0 0 0 1 1 
1 0 0 0 1 0 0 1 
1 1 1 1 1 1 0 0 
0 1 1 1 1 1 1 0 
0 0 1 1 1 1 1 1 
1 0 1 0 0 1 1 1 
1 1 1 0 1 0 1 1 
1 1 0 0 1 1 0 1 

199
1 1 1 0 0 0 1 1 
1 1 0 0 1 0 0 1 
1 1 0 1 1 1 0 0 
0 1 1 0 1 1 1 0 
0 0 1 1 0 1 1 1 
1 0 1 0 0 0 1 1 
1 1 1 0 1 0 0 1 
1 1 0 0 1 1 0 0 

200
0 0 0 1 0 0 1 1 
1 0 1 1 0 0 0 1 
1 1 1 0 0 0 0 0 
0 1 1 1 0 0 0 0 
0 0 1 1 1 0 0 0 
0 0 0 1 1 1 0 0 
0 0 0 0 1 1 1 0 
0 0 0 0 0 1 1 1 

201
1 0 0 1 0 0 1 1 
1 1 1 1 0 0 0 1 
1 1 0 0 0 0 0 0 
0 1 1 0 0 0 0 0 
0 0 1 1 0 0 0 0 
0 0 0 1 1 0 0 0 
0 0 0 0 1 1 0 0 
0 0 0 0 0 1 1 0 

202
0 1 0 1 0 0 1 1 
1 0 0 1 0 0 0 1 
1 1 1 1 0 0 0 0 
0 1 1 1 1 0 0 0 
0 0 1 1 1 1 0 0 
0 0 0 1 1 1 1 0 
0 0 0 0 1 1 1 1 
1 0 1 1 1 1 1 1 

203
1 1 0 1 0 0 1 1 
1 1 0 1 0 0 0 1 
1 1 0 1 0 0 0 0 
0 1 1 0 1 0 0 0 
0 0 1 1 0 1 0 0 
0 0 0 1 1 0 1 0 
0 0 0 0 1 1 0 1 
1 0 1 1 1 1 1 0 

204
0 0 1 1 0 0 1 1 
1 0 1 0 0 0 0 1 
1 1 1 0 1 0 0 0 
0 1 1 1 0 1 0 0 
0 0 1 1 1 0 1 0 
0 0 0 1 1 1 0 1 
1 0 1 1 0 1 1 0 
0 1 0 1 1 0 1 1 

205
1 0 1 1 0 0 1 1 
1 1 1 0 0 0 0 1 
1 1 0 0 1 0 0 0 
0 1 1 0 0 1 0 0 
0 0 1 1 0 0 1 0 
0 0 0 1 1 0 0 1 
1 0 1 1 0 1 0 0 
0 1 0 1 1 0 1 0 

206
0 1 1 1 0 0 1 1 
1 0 0 0 0 0 0 1 
1 1 1 1 1 0 0 0 
0 1 1 1 1 1 0 0 
0 0 1 1 1 1 1 0 
0 0 0 1 1 1 1 1 
1 0 1 1 0 1 1 1 
1 1 1 0 0 0 1 1 

207
1 1 1 1 0 0 1 1 
1 1 0 0 0 0 0 1 
1 1 0 1 1 0 0 0 
0 1 1 0 1 1 0 0 
0 0 1 1 0 1 1 0 
0 0 0 1 1 0 1 1 
1 0 1 1 0 1 0 1 
1 1 1 0 0 0 1 0 

208
0 0 0 0 1 0 1 1 
1 0 1 1 1 1 0 1 
1 1 1 0 0 1 1 0 
0 1 1 1 0 0 1 1 
1 0 0 0 0 0 0 1 
1 1 1 1 1 0 0 0 
0 1 1 1 1 1 0 0 
0 0 1 1 1 1 1 0 

209
1 0 0 0 1 0 1 1 
1 1 1 1 1 1 0 1 
1 1 0 0 0 1 1 0 
0 1 1 0 0 0 1 1 
1 0 0 0 1 0 0 1 
1 1 1 1 1 1 0 0 
0 1 1 1 1 1 1 0 
0 0 1 1 1 1 1 1 

210
0 1 0 0 1 0 1 1 
1 0 0 1 1 1 0 1 
1 1 1 1 0 1 1 0 
0 1 1 1 1 0 1 1 
1 0 0 0 0 1 0 1 
1 1 1 1 1 0 1 0 
0 1 1 1 1 1 0 1 
1 0 0 0 0 1 1 0 

211
1 1 0 0 1 0 1 1 
1 1 0 1 1 1 0 1 
1 1 0 1 0 1 1 0 
0 1 1 0 1 0 1 1 
1 0 0 0 1 1 0 1 
1 1 1 1 1 1 1 0 
0 1 1 1 1 1 1 1 
1 0 0 0 0 1 1 1 

212
0 0 1 0 1 0 1 1 
1 0 1 0 1 1 0 1 
1 1 1 0 1 1 1 0 
0 1 1 1 0 1 1 1 
1 0 0 0 0 0 1 1 
1 1 1 1 1 0 0 1 
1 1 0 0 0 1 0 0 
0 1 1 0 0 0 1 0 

213
1 0 1 0 1 0 1 1 
1 1 1 0 1 1 0 1 
1 1 0 0 1 1 1 0 
0 1 1 0 0 1 1 1 
1 0 0 0 1 0 1 1 
1 1 1 1 1 1 0 1 
1 1 0 0 0 1 1 0 
0 1 1 0 0 0 1 1 

214
0 1 1 0 1 0 1 1 
1 0 0 0 1 1 0 1 
1 1 1 1 1 1 1 0 
0 1 1 1 1 1 1 1 
1 0 0 0 0 1 1 1 
1 1 1 1 1 0 1 1 
1 1 0 0 0 1 0 1 
1 1 0 1 1 0 1 0 

215
1 1 1 0 1 0 1 1 
1 1 0 0 1 1 0 1 
1 1 0 1 1 1 1 0 
0 1 1 0 1 1 1 1 
1 0 0 0 1 1 1 1 
1 1 1 1 1 1 1 1 
1 1 0 0 0 1 1 1 
1 1 0 1 1 0 1 1 

216
0 0 0 1 1 0 1 1 
1 0 1 1 0 1 0 1 
1 1 1 0 0 0 1 0 
0 1 1 1 0 0 0 1 
1 0 0 0 0 0 0 0 
0 1 0 0 0 0 0 0 
0 0 1 0 0 0 0 0 
0 0 0 1 0 0 0 0 

217
1 0 0 1 1 0 1 1 
1 1 1 1 0 1 0 1 
1 1 0 0 0 0 1 0 
0 1 1 0 0 0 0 1 
1 0 0 0 1 0 0 0 
0 1 0 0 0 1 0 0 
0 0 1 0 0 0 1 0 
0 0 0 1 0 0 0 1 

218
0 1 0 1 1 0 1 1 
1 0 0 1 0 1 0 1 
1 1 1 1 0 0 1 0 
0 1 1 1 1 0 0 1 
1 0 0 0 0 1 0 0 
0 1 0 0 0 0 1 0 
0 0 1 0 0 0 0 1 
1 0 1 0 1 0 0 0 

219
1 1 0 1 1 0 1 1 
1 1 0 1 0 1 0 1 
1 1 0 1 0 0 1 0 
0 1 1 0 1 0 0 1 
1 0 0 0 1 1 0 0 
0 1 0 0 0 1 1 0 
0 0 1 0 0 0 1 1 
1 0 1 0 1 0 0 1 

220
0 0 1 1 1 0 1 1 
1 0 1 0 0 1 0 1 
1 1 1 0 1 0 1 0 
0 1 1 1 0 1 0 1 
1 0 0 0 0 0 1 0 
0 1 0 0 0 0 0 1 
1 0 0 1 1 0 0 0 
0 1 0 0 1 1 0 0 

221
1 0 1 1 1 0 1 1 
1 1 1 0 0 1 0 1 
1 1 0 0 1 0 1 0 
0 1 1 0 0 1 0 1 
1 0 0 0 1 0 1 0 
0 1 0 0 0 1 0 1 
1 0 0 1 1 0 1 0 
0 1 0 0 1 1 0 1 

222
0 1 1 1 1 0 1 1 
1 0 0 0 0 1 0 1 
1 1 1 1 1 0 1 0 
0 1 1 1 1 1 0 1 
1 0 0 0 0 1 1 0 
0 1 0 0 0 0 1 1 
1 0 0 1 1 0 0 1 
1 1 1 1 0 1 0 0 

223
1 1 1 1 1 0 1 1 
1 1 0 0 0 1 0 1 
1 1 0 1 1 0 1 0 
0 1 1 0 1 1 0 1 
1 0 0 0 1 1 1 0 
0 1 0 0 0 1 1 1 
1 0 0 1 1 0 1 1 
1 1 1 1 0 1 0 1 

224
0 0 0 0 0 1 1 1 
1 0 1 1 1 0 1 1 
1 1 1 0 0 1 0 1 
1 1 0 0 1 0 1 0 
0 1 1 0 0 1 0 1 
1 0 0 0 1 0 1 0 
0 1 0 0 0 1 0 1 
1 0 0 1 1 0 1 0 

225
1 0 0 0 0 1 1 1 
1 1 1 1 1 0 1 1 
1 1 0 0 0 1 0 1 
1 1 0 1 1 0 1 0 
0 1 1 0 1 1 0 1 
1 0 0 0 1 1 1 0 
0 1 0 0 0 1 1 1 
1 0 0 1 1 0 1 1 

226
0 1 0 0 0 1 1 1 
1 0 0 1 1 0 1 1 
1 1 1 1 0 1 0 1 
1 1 0 0 0 0 1 0 
0 1 1 0 0 0 0 1 
1 0 0 0 1 0 0 0 
0 1 0 0 0 1 0 0 
0 0 1 0 0 0 1 0 

227
1 1 0 0 0 1 1 1 
1 1 0 1 1 0 1 1 
1 1 0 1 0 1 0 1 
1 1 0 1 0 0 1 0 
0 1 1 0 1 0 0 1 
1 0 0 0 1 1 0 0 
0 1 0 0 0 1 1 0 
0 0 1 0 0 0 1 1 

228
0 0 1 0 0 1 1 1 
1 0 1 0 1 0 1 1 
1 1 1 0 1 1 0 1 
1 1 0 0 1 1 1 0 
0 1 1 0 0 1 1 1 
1 0 0 0 1 0 1 1 
1 1 1 1 1 1 0 1 
1 1 0 0 0 1 1 0 

229
1 0 1 0 0 1 1 1 
1 1 1 0 1 0 1 1 
1 1 0 0 1 1 0 1 
1 1 0 1 1 1 1 0 
0 1 1 0 1 1 1 1 
1 0 0 0 1 1 1 1 
1 1 1 1 1 1 1 1 
1 1 0 0 0 1 1 1 

230
0 1 1 0 0 1 1 1 
1 0 0 0 1 0 1 1 
1 1 1 1 1 1 0 1 
1 1 0 0 0 1 1 0 
0 1 1 0 0 0 1 1 
1 0 0 0 1 0 0 1 
1 1 1 1 1 1 0 0 
0 1 1 1 1 1 1 0 

231
1 1 1 0 0 1 1 1 
1 1 0 0 1 0 1 1 
1 1 0 1 1 1 0 1 
1 1 0 1 0 1 1 0 
0 1 1 0 1 0 1 1 
1 0 0 0 1 1 0 1 
1 1 1 1 1 1 1 0 
0 1 1 1 1 1 1 1 

232
0 0 0 1 0 1 1 1 
1 0 1 1 0 0 1 1 
1 1 1 0 0 0 0 1 
1 1 0 0 1 0 0 0 
0 1 1 0 0 1 0 0 
0 0 1 1 0 0 1 0 
0 0 0 1 1 0 0 1 
1 0 1 1 0 1 0 0 

233
1 0 0 1 0 1 1 1 
1 1 1 1 0 0 1 1 
1 1 0 0 0 0 0 1 
1 1 0 1 1 0 0 0 
0 1 1 0 1 1 0 0 
0 0 1 1 0 1 1 0 
0 0 0 1 1 0 1 1 
1 0 1 1 0 1 0 1 

234
0 1 0 1 0 1 1 1 
1 0 0 1 0 0 1 1 
1 1 1 1 0 0 0 1 
1 1 0 0 0 0 0 0 
0 1 1 0 0 0 0 0 
0 0 1 1 0 0 0 0 
0 0 0 1 1 0 0 0 
0 0 0 0 1 1 0 0 

235
1 1 0 1 0 1 1 1 
1 1 0 1 0 0 1 1 
1 1 0 1 0 0 0 1 
1 1 0 1 0 0 0 0 
0 1 1 0 1 0 0 0 
0 0 1 1 0 1 0 0 
0 0 0 1 1 0 1 0 
0 0 0 0 1 1 0 1 

236
0 0 1 1 0 1 1 1 
1 0 1 0 0 0 1 1 
1 1 1 0 1 0 0 1 
1 1 0 0 1 1 0 0 
0 1 1 0 0 1 1 0 
0 0 1 1 0 0 1 1 
1 0 1 0 0 0 0 1 
1 1 1 0 1 0 0 0 

237
1 0 1 1 0 1 1 1 
1 1 1 0 0 0 1 1 
1 1 0 0 1 0 0 1 
1 1 0 1 1 1 0 0 
0 1 1 0 1 1 1 0 
0 0 1 1 0 1 1 1 
1 0 1 0 0 0 1 1 
1 1 1 0 1 0 0 1 

238
0 1 1 1 0 1 1 1 
1 0 0 0 0 0 1 1 
1 1 1 1 1 0 0 1 
1 1 0 0 0 1 0 0 
0 1 1 0 0 0 1 0 
0 0 1 1 0 0 0 1 
1 0 1 0 0 0 0 0 
0 1 0 1 0 0 0 0 

239
1 1 1 1 0 1 1 1 
1 1 0 0 0 0 1 1 
1 1 0 1 1 0 0 1 
1 1 0 1 0 1 0 0 
0 1 1 0 1 0 1 0 
0 0 1 1 0 1 0 1 
1 0 1 0 0 0 1 0 
0 1 0 1 0 0 0 1 

240
0 0 0 0 1 1 1 1 
1 0 1 1 1 1 1 1 
1 1 1 0 0 1 1 1 
1 1 0 0 1 0 1 1 
1 1 0 1 1 1 0 1 
1 1 0 1 0 1 1 0 
0 1 1 0 1 0 1 1 
1 0 0 0 1 1 0 1 

241
1 0 0 0 1 1 1 1 
1 1 1 1 1 1 1 1 
1 1 0 0 0 1 1 1 
1 1 0 1 1 0 1 1 
1 1 0 1 0 1 0 1 
1 1 0 1 0 0 1 0 
0 1 1 0 1 0 0 1 
1 0 0 0 1 1 0 0 

242
0 1 0 0 1 1 1 1 
1 0 0 1 1 1 1 1 
1 1 1 1 0 1 1 1 
1 1 0 0 0 0 1 1 
1 1 0 1 1 0 0 1 
1 1 0 1 0 1 0 0 
0 1 1 0 1 0 1 0 
0 0 1 1 0 1 0 1 

243
1 1 0 0 1 1 1 1 
1 1 0 1 1 1 1 1 
1 1 0 1 0 1 1 1 
1 1 0 1 0 0 1 1 
1 1 0 1 0 0 0 1 
1 1 0 1 0 0 0 0 
0 1 1 0 1 0 0 0 
0 0 1 1 0 1 0 0 

244
0 0 1 0 1 1 1 1 
1 0 1 0 1 1 1 1 
1 1 1 0 1 1 1 1 
1 1 0 0 1 1 1 1 
1 1 0 1 1 1 1 1 
1 1 0 1 0 1 1 1 
1 1 0 1 0 0 1 1 
1 1 0 1 0 0 0 1 

245
1 0 1 0 1 1 1 1 
1 1 1 0 1 1 1 1 
1 1 0 0 1 1 1 1 
1 1 0 1 1 1 1 1 
1 1 0 1 0 1 1 1 
1 1 0 1 0 0 1 1 
1 1 0 1 0 0 0 1 
1 1 0 1 0 0 0 0 

246
0 1 1 0 1 1 1 1 
1 0 0 0 1 1 1 1 
1 1 1 1 1 1 1 1 
1 1 0 0 0 1 1 1 
1 1 0 1 1 0 1 1 
1 1 0 1 0 1 0 1 
1 1 0 1 0 0 1 0 
0 1 1 0 1 0 0 1 

247
1 1 1 0 1 1 1 1 
1 1 0 0 1 1 1 1 
1 1 0 1 1 1 1 1 
1 1 0 1 0 1 1 1 
1 1 0 1 0 0 1 1 
1 1 0 1 0 0 0 1 
1 1 0 1 0 0 0 0 
0 1 1 0 1 0 0 0 

248
0 0 0 1 1 1 1 1 
1 0 1 1 0 1 1 1 
1 1 1 0 0 0 1 1 
1 1 0 0 1 0 0 1 
1 1 0 1 1 1 0 0 
0 1 1 0 1 1 1 0 
0 0 1 1 0 1 1 1 
1 0 1 0 0 0 1 1 

249
1 0 0 1 1 1 1 1 
1 1 1 1 0 1 1 1 
1 1 0 0 0 0 1 1 
1 1 0 1 1 0 0 1 
1 1 0 1 0 1 0 0 
0 1 1 0 1 0 1 0 
0 0 1 1 0 1 0 1 
1 0 1 0 0 0 1 0 

250
0 1 0 1 1 1 1 1 
1 0 0 1 0 1 1 1 
1 1 1 1 0 0 1 1 
1 1 0 0 0 0 0 1 
1 1 0 1 1 0 0 0 
0 1 1 0 1 1 0 0 
0 0 1 1 0 1 1 0 
0 0 0 1 1 0 1 1 

251
1 1 0 1 1 1 1 1 
1 1 0 1 0 1 1 1 
1 1 0 1 0 0 1 1 
1 1 0 1 0 0 0 1 
1 1 0 1 0 0 0 0 
0 1 1 0 1 0 0 0 
0 0 1 1 0 1 0 0 
0 0 0 1 1 0 1 0 

252
0 0 1 1 1 1 1 1 
1 0 1 0 0 1 1 1 
1 1 1 0 1 0 1 1 
1 1 0 0 1 1 0 1 
1 1 0 1 1 1 1 0 
0 1 1 0 1 1 1 1 
1 0 0 0 1 1 1 1 
1 1 1 1 1 1 1 1 

253
1 0 1 1 1 1 1 1 
1 1 1 0 0 1 1 1 
1 1 0 0 1 0 1 1 
1 1 0 1 1 1 0 1 
1 1 0 1 0 1 1 0 
0 1 1 0 1 0 1 1 
1 0 0 0 1 1 0 1 
1 1 1 1 1 1 1 0 

254
0 1 1 1 1 1 1 1 
1 0 0 0 0 1 1 1 
1 1 1 1 1 0 1 1 
1 1 0 0 0 1 0 1 
1 1 0 1 1 0 1 0 
0 1 1 0 1 1 0 1 
1 0 0 0 1 1 1 0 
0 1 0 0 0 1 1 1 

255
1 1 1 1 1 1 1 1 
1 1 0 0 0 1 1 1 
1 1 0 1 1 0 1 1 
1 1 0 1 0 1 0 1 
1 1 0 1 0 0 1 0 
0 1 1 0 1 0 0 1 
1 0 0 0 1 1 0 0 
0 1 0 0 0 1 1 0 

